Archive member included to satisfy reference by file (symbol)

/usr/share/arm-gnu-toolchain-11.3.rel1-x86_64-arm-none-eabi/bin/../lib/gcc/arm-none-eabi/11.3.1/../../../../arm-none-eabi/lib/thumb/v7e-m+fp/hard/libc_nano.a(libc_a-exit.o)
                              /usr/share/arm-gnu-toolchain-11.3.rel1-x86_64-arm-none-eabi/bin/../lib/gcc/arm-none-eabi/11.3.1/../../../../arm-none-eabi/lib/thumb/v7e-m+fp/hard/crt0.o (exit)
/usr/share/arm-gnu-toolchain-11.3.rel1-x86_64-arm-none-eabi/bin/../lib/gcc/arm-none-eabi/11.3.1/../../../../arm-none-eabi/lib/thumb/v7e-m+fp/hard/libc_nano.a(libc_a-init.o)
                              /usr/share/arm-gnu-toolchain-11.3.rel1-x86_64-arm-none-eabi/bin/../lib/gcc/arm-none-eabi/11.3.1/../../../../arm-none-eabi/lib/thumb/v7e-m+fp/hard/crt0.o (__libc_init_array)
/usr/share/arm-gnu-toolchain-11.3.rel1-x86_64-arm-none-eabi/bin/../lib/gcc/arm-none-eabi/11.3.1/../../../../arm-none-eabi/lib/thumb/v7e-m+fp/hard/libc_nano.a(libc_a-strlen.o)
                              build/main.o (strlen)
/usr/share/arm-gnu-toolchain-11.3.rel1-x86_64-arm-none-eabi/bin/../lib/gcc/arm-none-eabi/11.3.1/../../../../arm-none-eabi/lib/thumb/v7e-m+fp/hard/libc_nano.a(libc_a-findfp.o)
                              /usr/share/arm-gnu-toolchain-11.3.rel1-x86_64-arm-none-eabi/bin/../lib/gcc/arm-none-eabi/11.3.1/../../../../arm-none-eabi/lib/thumb/v7e-m+fp/hard/libc_nano.a(libc_a-exit.o) (__stdio_exit_handler)
/usr/share/arm-gnu-toolchain-11.3.rel1-x86_64-arm-none-eabi/bin/../lib/gcc/arm-none-eabi/11.3.1/../../../../arm-none-eabi/lib/thumb/v7e-m+fp/hard/libc_nano.a(libc_a-stdio.o)
                              /usr/share/arm-gnu-toolchain-11.3.rel1-x86_64-arm-none-eabi/bin/../lib/gcc/arm-none-eabi/11.3.1/../../../../arm-none-eabi/lib/thumb/v7e-m+fp/hard/libc_nano.a(libc_a-findfp.o) (__sread)
/usr/share/arm-gnu-toolchain-11.3.rel1-x86_64-arm-none-eabi/bin/../lib/gcc/arm-none-eabi/11.3.1/../../../../arm-none-eabi/lib/thumb/v7e-m+fp/hard/libc_nano.a(libc_a-writer.o)
                              /usr/share/arm-gnu-toolchain-11.3.rel1-x86_64-arm-none-eabi/bin/../lib/gcc/arm-none-eabi/11.3.1/../../../../arm-none-eabi/lib/thumb/v7e-m+fp/hard/libc_nano.a(libc_a-stdio.o) (_write_r)
/usr/share/arm-gnu-toolchain-11.3.rel1-x86_64-arm-none-eabi/bin/../lib/gcc/arm-none-eabi/11.3.1/../../../../arm-none-eabi/lib/thumb/v7e-m+fp/hard/libc_nano.a(libc_a-fwalk.o)
                              /usr/share/arm-gnu-toolchain-11.3.rel1-x86_64-arm-none-eabi/bin/../lib/gcc/arm-none-eabi/11.3.1/../../../../arm-none-eabi/lib/thumb/v7e-m+fp/hard/libc_nano.a(libc_a-findfp.o) (_fwalk_sglue)
/usr/share/arm-gnu-toolchain-11.3.rel1-x86_64-arm-none-eabi/bin/../lib/gcc/arm-none-eabi/11.3.1/../../../../arm-none-eabi/lib/thumb/v7e-m+fp/hard/libc_nano.a(libc_a-memset.o)
                              /usr/share/arm-gnu-toolchain-11.3.rel1-x86_64-arm-none-eabi/bin/../lib/gcc/arm-none-eabi/11.3.1/../../../../arm-none-eabi/lib/thumb/v7e-m+fp/hard/crt0.o (memset)
/usr/share/arm-gnu-toolchain-11.3.rel1-x86_64-arm-none-eabi/bin/../lib/gcc/arm-none-eabi/11.3.1/../../../../arm-none-eabi/lib/thumb/v7e-m+fp/hard/libc_nano.a(libc_a-lock.o)
                              /usr/share/arm-gnu-toolchain-11.3.rel1-x86_64-arm-none-eabi/bin/../lib/gcc/arm-none-eabi/11.3.1/../../../../arm-none-eabi/lib/thumb/v7e-m+fp/hard/libc_nano.a(libc_a-findfp.o) (__retarget_lock_init_recursive)
/usr/share/arm-gnu-toolchain-11.3.rel1-x86_64-arm-none-eabi/bin/../lib/gcc/arm-none-eabi/11.3.1/../../../../arm-none-eabi/lib/thumb/v7e-m+fp/hard/libc_nano.a(libc_a-closer.o)
                              /usr/share/arm-gnu-toolchain-11.3.rel1-x86_64-arm-none-eabi/bin/../lib/gcc/arm-none-eabi/11.3.1/../../../../arm-none-eabi/lib/thumb/v7e-m+fp/hard/libc_nano.a(libc_a-stdio.o) (_close_r)
/usr/share/arm-gnu-toolchain-11.3.rel1-x86_64-arm-none-eabi/bin/../lib/gcc/arm-none-eabi/11.3.1/../../../../arm-none-eabi/lib/thumb/v7e-m+fp/hard/libc_nano.a(libc_a-reent.o)
                              /usr/share/arm-gnu-toolchain-11.3.rel1-x86_64-arm-none-eabi/bin/../lib/gcc/arm-none-eabi/11.3.1/../../../../arm-none-eabi/lib/thumb/v7e-m+fp/hard/libc_nano.a(libc_a-writer.o) (errno)
/usr/share/arm-gnu-toolchain-11.3.rel1-x86_64-arm-none-eabi/bin/../lib/gcc/arm-none-eabi/11.3.1/../../../../arm-none-eabi/lib/thumb/v7e-m+fp/hard/libc_nano.a(libc_a-impure.o)
                              /usr/share/arm-gnu-toolchain-11.3.rel1-x86_64-arm-none-eabi/bin/../lib/gcc/arm-none-eabi/11.3.1/../../../../arm-none-eabi/lib/thumb/v7e-m+fp/hard/libc_nano.a(libc_a-reent.o) (_impure_ptr)
/usr/share/arm-gnu-toolchain-11.3.rel1-x86_64-arm-none-eabi/bin/../lib/gcc/arm-none-eabi/11.3.1/../../../../arm-none-eabi/lib/thumb/v7e-m+fp/hard/libc_nano.a(libc_a-fflush.o)
                              /usr/share/arm-gnu-toolchain-11.3.rel1-x86_64-arm-none-eabi/bin/../lib/gcc/arm-none-eabi/11.3.1/../../../../arm-none-eabi/lib/thumb/v7e-m+fp/hard/libc_nano.a(libc_a-findfp.o) (_fflush_r)
[...]
Memory Configuration

Name             Origin             Length             Attributes
RAM              0x0000000020000000 0x0000000000050000 xrw
FLASH            0x0000000008000000 0x0000000000180000 xr
*default*        0x0000000000000000 0xffffffffffffffff

Linker script and memory map

LOAD /usr/share/arm-gnu-toolchain-11.3.rel1-x86_64-arm-none-eabi/bin/../lib/gcc/arm-none-eabi/11.3.1/thumb/v7e-m+fp/hard/crti.o
LOAD /usr/share/arm-gnu-toolchain-11.3.rel1-x86_64-arm-none-eabi/bin/../lib/gcc/arm-none-eabi/11.3.1/thumb/v7e-m+fp/hard/crtbegin.o
LOAD /usr/share/arm-gnu-toolchain-11.3.rel1-x86_64-arm-none-eabi/bin/../lib/gcc/arm-none-eabi/11.3.1/../../../../arm-none-eabi/lib/thumb/v7e-m+fp/hard/crt0.o
LOAD build/main.o
LOAD build/gpio.o
LOAD build/adc.o
LOAD build/can.o
LOAD build/dma.o
LOAD build/usart.o
LOAD build/stm32f4xx_it.o
LOAD build/stm32f4xx_hal_msp.o
LOAD build/stm32f4xx_hal_adc.o
LOAD build/stm32f4xx_hal_adc_ex.o
LOAD build/stm32f4xx_ll_adc.o
LOAD build/stm32f4xx_hal_rcc.o
LOAD build/stm32f4xx_hal_rcc_ex.o
LOAD build/stm32f4xx_hal_flash.o
LOAD build/stm32f4xx_hal_flash_ex.o
LOAD build/stm32f4xx_hal_flash_ramfunc.o
LOAD build/stm32f4xx_hal_gpio.o
LOAD build/stm32f4xx_hal_dma_ex.o
LOAD build/stm32f4xx_hal_dma.o
LOAD build/stm32f4xx_hal_pwr.o
LOAD build/stm32f4xx_hal_pwr_ex.o
LOAD build/stm32f4xx_hal_cortex.o
LOAD build/stm32f4xx_hal.o
LOAD build/stm32f4xx_hal_exti.o
LOAD build/stm32f4xx_hal_can.o
LOAD build/stm32f4xx_hal_tim.o
LOAD build/stm32f4xx_hal_tim_ex.o
LOAD build/stm32f4xx_hal_uart.o
LOAD build/system_stm32f4xx.o
LOAD build/startup_stm32f413xx.o
LOAD /usr/share/arm-gnu-toolchain-11.3.rel1-x86_64-arm-none-eabi/bin/../lib/gcc/arm-none-eabi/11.3.1/../../../../arm-none-eabi/lib/thumb/v7e-m+fp/hard/libc_nano.a
LOAD /usr/share/arm-gnu-toolchain-11.3.rel1-x86_64-arm-none-eabi/bin/../lib/gcc/arm-none-eabi/11.3.1/../../../../arm-none-eabi/lib/thumb/v7e-m+fp/hard/libm.a
LOAD /usr/share/arm-gnu-toolchain-11.3.rel1-x86_64-arm-none-eabi/bin/../lib/gcc/arm-none-eabi/11.3.1/../../../../arm-none-eabi/lib/thumb/v7e-m+fp/hard/libnosys.a
START GROUP
LOAD /usr/share/arm-gnu-toolchain-11.3.rel1-x86_64-arm-none-eabi/bin/../lib/gcc/arm-none-eabi/11.3.1/thumb/v7e-m+fp/hard/libgcc.a
LOAD /usr/share/arm-gnu-toolchain-11.3.rel1-x86_64-arm-none-eabi/bin/../lib/gcc/arm-none-eabi/11.3.1/../../../../arm-none-eabi/lib/thumb/v7e-m+fp/hard/libc_nano.a
END GROUP
START GROUP
LOAD /usr/share/arm-gnu-toolchain-11.3.rel1-x86_64-arm-none-eabi/bin/../lib/gcc/arm-none-eabi/11.3.1/thumb/v7e-m+fp/hard/libgcc.a
LOAD /usr/share/arm-gnu-toolchain-11.3.rel1-x86_64-arm-none-eabi/bin/../lib/gcc/arm-none-eabi/11.3.1/../../../../arm-none-eabi/lib/thumb/v7e-m+fp/hard/libc_nano.a
END GROUP
LOAD /usr/share/arm-gnu-toolchain-11.3.rel1-x86_64-arm-none-eabi/bin/../lib/gcc/arm-none-eabi/11.3.1/thumb/v7e-m+fp/hard/crtend.o
LOAD /usr/share/arm-gnu-toolchain-11.3.rel1-x86_64-arm-none-eabi/bin/../lib/gcc/arm-none-eabi/11.3.1/thumb/v7e-m+fp/hard/crtn.o
                0x0000000020050000                _estack = (ORIGIN (RAM) + LENGTH (RAM))
                0x0000000000000200                _Min_Heap_Size = 0x200
                0x0000000000000400                _Min_Stack_Size = 0x400

.isr_vector     0x0000000008000000      0x1d8
                0x0000000008000000                . = ALIGN (0x4)
 *(.isr_vector)
 .isr_vector    0x0000000008000000      0x1d8 build/startup_stm32f413xx.o
                0x0000000008000000                g_pfnVectors
                0x00000000080001d8                . = ALIGN (0x4)

.text           0x00000000080001d8     0x164c
                0x00000000080001d8                . = ALIGN (0x4)
 *(.text)
 .text          0x00000000080001d8       0x10 /usr/share/arm-gnu-toolchain-11.3.rel1-x86_64-arm-none-eabi/bin/../lib/gcc/arm-none-eabi/11.3.1/../../../../arm-none-eabi/lib/thumb/v7e-m+fp/hard/libc_nano.a(libc_a-strlen.o)
                0x00000000080001d8                strlen
 .text          0x00000000080001e8       0x30 /usr/share/arm-gnu-toolchain-11.3.rel1-x86_64-arm-none-eabi/bin/../lib/gcc/arm-none-eabi/11.3.1/thumb/v7e-m+fp/hard/libgcc.a(_aeabi_uldivmod.o)
                0x00000000080001e8                __aeabi_uldivmod
 .text          0x0000000008000218        0x4 /usr/share/arm-gnu-toolchain-11.3.rel1-x86_64-arm-none-eabi/bin/../lib/gcc/arm-none-eabi/11.3.1/thumb/v7e-m+fp/hard/libgcc.a(_dvmd_tls.o)
                0x0000000008000218                __aeabi_ldiv0
                0x0000000008000218                __aeabi_idiv0
 *(.text*)
 .text.deregister_tm_clones
                0x000000000800021c       0x1c /usr/share/arm-gnu-toolchain-11.3.rel1-x86_64-arm-none-eabi/bin/../lib/gcc/arm-none-eabi/11.3.1/thumb/v7e-m+fp/hard/crtbegin.o
 .text.register_tm_clones
                0x0000000008000238       0x24 /usr/share/arm-gnu-toolchain-11.3.rel1-x86_64-arm-none-eabi/bin/../lib/gcc/arm-none-eabi/11.3.1/thumb/v7e-m+fp/hard/crtbegin.o
 .text.__do_global_dtors_aux
                0x000000000800025c       0x28 /usr/share/arm-gnu-toolchain-11.3.rel1-x86_64-arm-none-eabi/bin/../lib/gcc/arm-none-eabi/11.3.1/thumb/v7e-m+fp/hard/crtbegin.o
 .text.frame_dummy
                0x0000000008000284       0x24 /usr/share/arm-gnu-toolchain-11.3.rel1-x86_64-arm-none-eabi/bin/../lib/gcc/arm-none-eabi/11.3.1/thumb/v7e-m+fp/hard/crtbegin.o
 .text.Error_Handler
                0x00000000080002a8        0x4 build/main.o
                0x00000000080002a8                Error_Handler
 .text.SystemClock_Config
                0x00000000080002ac       0x88 build/main.o
                0x00000000080002ac                SystemClock_Config
 .text.main     0x0000000008000334       0x50 build/main.o
                0x0000000008000334                main
 .text.MX_GPIO_Init
                0x0000000008000384      0x114 build/gpio.o
                0x0000000008000384                MX_GPIO_Init
 .text.MX_USART2_UART_Init
                0x0000000008000498       0x34 build/usart.o
                0x0000000008000498                MX_USART2_UART_Init
 .text.HAL_UART_MspInit
                0x00000000080004cc       0xf0 build/usart.o
                0x00000000080004cc                HAL_UART_MspInit
 .text.NMI_Handler
                0x00000000080005bc        0x2 build/stm32f4xx_it.o
                0x00000000080005bc                NMI_Handler
 .text.HardFault_Handler
                0x00000000080005be        0x2 build/stm32f4xx_it.o
                0x00000000080005be                HardFault_Handler
 .text.MemManage_Handler
                0x00000000080005c0        0x2 build/stm32f4xx_it.o
                0x00000000080005c0                MemManage_Handler
 .text.BusFault_Handler
                0x00000000080005c2        0x2 build/stm32f4xx_it.o
                0x00000000080005c2                BusFault_Handler
 .text.UsageFault_Handler
                0x00000000080005c4        0x2 build/stm32f4xx_it.o
                0x00000000080005c4                UsageFault_Handler
 .text.SVC_Handler
                0x00000000080005c6        0x2 build/stm32f4xx_it.o
                0x00000000080005c6                SVC_Handler
 .text.DebugMon_Handler
                0x00000000080005c8        0x2 build/stm32f4xx_it.o
                0x00000000080005c8                DebugMon_Handler
 .text.PendSV_Handler
                0x00000000080005ca        0x2 build/stm32f4xx_it.o
                0x00000000080005ca                PendSV_Handler
 .text.SysTick_Handler
                0x00000000080005cc        0x8 build/stm32f4xx_it.o
                0x00000000080005cc                SysTick_Handler
 .text.DMA2_Stream0_IRQHandler
                0x00000000080005d4       0x10 build/stm32f4xx_it.o
                0x00000000080005d4                DMA2_Stream0_IRQHandler
 .text.HAL_MspInit
                0x00000000080005e4       0x38 build/stm32f4xx_hal_msp.o
                0x00000000080005e4                HAL_MspInit
 .text.HAL_RCC_GetSysClockFreq
                0x000000000800061c       0xa8 build/stm32f4xx_hal_rcc.o
                0x000000000800061c                HAL_RCC_GetSysClockFreq
 .text.HAL_RCC_ClockConfig
                0x00000000080006c4      0x160 build/stm32f4xx_hal_rcc.o
                0x00000000080006c4                HAL_RCC_ClockConfig
 .text.HAL_RCC_GetHCLKFreq
                0x0000000008000824        0xc build/stm32f4xx_hal_rcc.o
                0x0000000008000824                HAL_RCC_GetHCLKFreq
 .text.HAL_RCC_GetPCLK1Freq
                0x0000000008000830       0x20 build/stm32f4xx_hal_rcc.o
                0x0000000008000830                HAL_RCC_GetPCLK1Freq
 .text.HAL_RCC_GetPCLK2Freq
                0x0000000008000850       0x20 build/stm32f4xx_hal_rcc.o
                0x0000000008000850                HAL_RCC_GetPCLK2Freq
 .text.HAL_RCC_OscConfig
                0x0000000008000870      0x410 build/stm32f4xx_hal_rcc_ex.o
                0x0000000008000870                HAL_RCC_OscConfig
 .text.HAL_GPIO_Init
                0x0000000008000c80      0x1e0 build/stm32f4xx_hal_gpio.o
                0x0000000008000c80                HAL_GPIO_Init
 .text.HAL_GPIO_WritePin
                0x0000000008000e60        0xc build/stm32f4xx_hal_gpio.o
                0x0000000008000e60                HAL_GPIO_WritePin
 .text.HAL_DMA_IRQHandler
                0x0000000008000e6c      0x1dc build/stm32f4xx_hal_dma.o
                0x0000000008000e6c                HAL_DMA_IRQHandler
 .text.HAL_NVIC_SetPriorityGrouping
                0x0000000008001048       0x24 build/stm32f4xx_hal_cortex.o
                0x0000000008001048                HAL_NVIC_SetPriorityGrouping
 .text.HAL_NVIC_SetPriority
                0x000000000800106c       0x70 build/stm32f4xx_hal_cortex.o
                0x000000000800106c                HAL_NVIC_SetPriority
 .text.HAL_SYSTICK_Config
                0x00000000080010dc       0x28 build/stm32f4xx_hal_cortex.o
                0x00000000080010dc                HAL_SYSTICK_Config
 .text.HAL_InitTick
                0x0000000008001104       0x4c build/stm32f4xx_hal.o
                0x0000000008001104                HAL_InitTick
 .text.HAL_Init
                0x0000000008001150       0x34 build/stm32f4xx_hal.o
                0x0000000008001150                HAL_Init
 .text.HAL_IncTick
                0x0000000008001184       0x18 build/stm32f4xx_hal.o
                0x0000000008001184                HAL_IncTick
 .text.HAL_GetTick
                0x000000000800119c        0xc build/stm32f4xx_hal.o
                0x000000000800119c                HAL_GetTick
 .text.UART_SetConfig
                0x00000000080011a8      0x120 build/stm32f4xx_hal_uart.o
 .text.UART_WaitOnFlagUntilTimeout
                0x00000000080012c8       0x84 build/stm32f4xx_hal_uart.o
 .text.HAL_UART_Init
                0x000000000800134c       0x5e build/stm32f4xx_hal_uart.o
                0x000000000800134c                HAL_UART_Init
 .text.HAL_UART_Transmit
                0x00000000080013aa       0xd8 build/stm32f4xx_hal_uart.o
                0x00000000080013aa                HAL_UART_Transmit
 *fill*         0x0000000008001482        0x2 
 .text.SystemInit
                0x0000000008001484       0x14 build/system_stm32f4xx.o
                0x0000000008001484                SystemInit
 .text.Reset_Handler
                0x0000000008001498       0x50 build/startup_stm32f413xx.o
                0x0000000008001498                Reset_Handler
 .text.Default_Handler
                0x00000000080014e8        0x2 build/startup_stm32f413xx.o
                0x00000000080014e8                RTC_Alarm_IRQHandler
                0x00000000080014e8                EXTI2_IRQHandler
                0x00000000080014e8                TIM8_CC_IRQHandler
                0x00000000080014e8                UART8_IRQHandler
                0x00000000080014e8                FMPI2C1_EV_IRQHandler
                0x00000000080014e8                SPI4_IRQHandler
                0x00000000080014e8                TIM1_CC_IRQHandler
                0x00000000080014e8                DMA2_Stream5_IRQHandler
                0x00000000080014e8                DMA1_Stream5_IRQHandler
                0x00000000080014e8                CAN3_RX1_IRQHandler
                0x00000000080014e8                PVD_IRQHandler
                0x00000000080014e8                SDIO_IRQHandler
                0x00000000080014e8                TAMP_STAMP_IRQHandler
                0x00000000080014e8                CAN2_RX1_IRQHandler
                0x00000000080014e8                EXTI3_IRQHandler
                0x00000000080014e8                TIM8_TRG_COM_TIM14_IRQHandler
                0x00000000080014e8                DFSDM1_FLT1_IRQHandler
                0x00000000080014e8                TIM1_UP_TIM10_IRQHandler
                0x00000000080014e8                TIM8_UP_TIM13_IRQHandler
                0x00000000080014e8                I2C3_ER_IRQHandler
                0x00000000080014e8                EXTI0_IRQHandler
                0x00000000080014e8                I2C2_EV_IRQHandler
                0x00000000080014e8                DMA1_Stream2_IRQHandler
                0x00000000080014e8                CAN1_RX0_IRQHandler
                0x00000000080014e8                FPU_IRQHandler
                0x00000000080014e8                CAN3_SCE_IRQHandler
                0x00000000080014e8                CAN2_SCE_IRQHandler
                0x00000000080014e8                DMA2_Stream2_IRQHandler
                0x00000000080014e8                SPI1_IRQHandler
                0x00000000080014e8                TIM6_DAC_IRQHandler
                0x00000000080014e8                TIM1_BRK_TIM9_IRQHandler
                0x00000000080014e8                CAN2_RX0_IRQHandler
                0x00000000080014e8                DMA2_Stream3_IRQHandler
                0x00000000080014e8                USART6_IRQHandler
                0x00000000080014e8                CAN3_RX0_IRQHandler
                0x00000000080014e8                USART3_IRQHandler
                0x00000000080014e8                DFSDM2_FLT3_IRQHandler
                0x00000000080014e8                CAN1_RX1_IRQHandler
                0x00000000080014e8                UART5_IRQHandler
                0x00000000080014e8                TIM4_IRQHandler
                0x00000000080014e8                QUADSPI_IRQHandler
                0x00000000080014e8                I2C1_EV_IRQHandler
                0x00000000080014e8                DMA1_Stream6_IRQHandler
                0x00000000080014e8                DMA1_Stream1_IRQHandler
                0x00000000080014e8                UART4_IRQHandler
                0x00000000080014e8                TIM3_IRQHandler
                0x00000000080014e8                RCC_IRQHandler
                0x00000000080014e8                UART9_IRQHandler
                0x00000000080014e8                TIM8_BRK_TIM12_IRQHandler
                0x00000000080014e8                Default_Handler
                0x00000000080014e8                EXTI15_10_IRQHandler
                0x00000000080014e8                ADC_IRQHandler
                0x00000000080014e8                DMA1_Stream7_IRQHandler
                0x00000000080014e8                DFSDM2_FLT0_IRQHandler
                0x00000000080014e8                SPI5_IRQHandler
                0x00000000080014e8                TIM7_IRQHandler
                0x00000000080014e8                CAN2_TX_IRQHandler
                0x00000000080014e8                TIM5_IRQHandler
                0x00000000080014e8                DMA2_Stream7_IRQHandler
                0x00000000080014e8                I2C3_EV_IRQHandler
                0x00000000080014e8                DFSDM2_FLT2_IRQHandler
                0x00000000080014e8                EXTI9_5_IRQHandler
                0x00000000080014e8                RTC_WKUP_IRQHandler
                0x00000000080014e8                SPI2_IRQHandler
                0x00000000080014e8                DMA1_Stream0_IRQHandler
                0x00000000080014e8                CAN1_TX_IRQHandler
                0x00000000080014e8                FMPI2C1_ER_IRQHandler
                0x00000000080014e8                EXTI4_IRQHandler
                0x00000000080014e8                DFSDM2_FLT1_IRQHandler
                0x00000000080014e8                RNG_IRQHandler
                0x00000000080014e8                FSMC_IRQHandler
                0x00000000080014e8                WWDG_IRQHandler
                0x00000000080014e8                CAN3_TX_IRQHandler
                0x00000000080014e8                TIM2_IRQHandler
                0x00000000080014e8                OTG_FS_WKUP_IRQHandler
                0x00000000080014e8                TIM1_TRG_COM_TIM11_IRQHandler
                0x00000000080014e8                EXTI1_IRQHandler
                0x00000000080014e8                UART7_IRQHandler
                0x00000000080014e8                USART2_IRQHandler
                0x00000000080014e8                DFSDM1_FLT0_IRQHandler
                0x00000000080014e8                I2C2_ER_IRQHandler
                0x00000000080014e8                DMA2_Stream1_IRQHandler
                0x00000000080014e8                CAN1_SCE_IRQHandler
                0x00000000080014e8                FLASH_IRQHandler
                0x00000000080014e8                DMA2_Stream4_IRQHandler
                0x00000000080014e8                USART1_IRQHandler
                0x00000000080014e8                OTG_FS_IRQHandler
                0x00000000080014e8                SPI3_IRQHandler
                0x00000000080014e8                DMA1_Stream4_IRQHandler
                0x00000000080014e8                I2C1_ER_IRQHandler
                0x00000000080014e8                LPTIM1_IRQHandler
                0x00000000080014e8                DMA2_Stream6_IRQHandler
                0x00000000080014e8                UART10_IRQHandler
                0x00000000080014e8                SAI1_IRQHandler
                0x00000000080014e8                DMA1_Stream3_IRQHandler
 *fill*         0x00000000080014ea        0x2 
 .text.__libc_init_array
                0x00000000080014ec       0x48 /usr/share/arm-gnu-toolchain-11.3.rel1-x86_64-arm-none-eabi/bin/../lib/gcc/arm-none-eabi/11.3.1/../../../../arm-none-eabi/lib/thumb/v7e-m+fp/hard/libc_nano.a(libc_a-init.o)
                0x00000000080014ec                __libc_init_array
 .text.memset   0x0000000008001534       0x10 /usr/share/arm-gnu-toolchain-11.3.rel1-x86_64-arm-none-eabi/bin/../lib/gcc/arm-none-eabi/11.3.1/../../../../arm-none-eabi/lib/thumb/v7e-m+fp/hard/libc_nano.a(libc_a-memset.o)
                0x0000000008001534                memset
 .text.__udivmoddi4
                0x0000000008001544      0x2c8 /usr/share/arm-gnu-toolchain-11.3.rel1-x86_64-arm-none-eabi/bin/../lib/gcc/arm-none-eabi/11.3.1/thumb/v7e-m+fp/hard/libgcc.a(_udivmoddi4.o)
                0x0000000008001544                __udivmoddi4
 *(.glue_7)
 .glue_7        0x000000000800180c        0x0 linker stubs
 *(.glue_7t)
 .glue_7t       0x000000000800180c        0x0 linker stubs
 *(.eh_frame)
 .eh_frame      0x000000000800180c        0x0 /usr/share/arm-gnu-toolchain-11.3.rel1-x86_64-arm-none-eabi/bin/../lib/gcc/arm-none-eabi/11.3.1/thumb/v7e-m+fp/hard/crtbegin.o
 *(.init)
 .init          0x000000000800180c        0x4 /usr/share/arm-gnu-toolchain-11.3.rel1-x86_64-arm-none-eabi/bin/../lib/gcc/arm-none-eabi/11.3.1/thumb/v7e-m+fp/hard/crti.o
                0x000000000800180c                _init
 .init          0x0000000008001810        0x8 /usr/share/arm-gnu-toolchain-11.3.rel1-x86_64-arm-none-eabi/bin/../lib/gcc/arm-none-eabi/11.3.1/thumb/v7e-m+fp/hard/crtn.o
 *(.fini)
 .fini          0x0000000008001818        0x4 /usr/share/arm-gnu-toolchain-11.3.rel1-x86_64-arm-none-eabi/bin/../lib/gcc/arm-none-eabi/11.3.1/thumb/v7e-m+fp/hard/crti.o
                0x0000000008001818                _fini
 .fini          0x000000000800181c        0x8 /usr/share/arm-gnu-toolchain-11.3.rel1-x86_64-arm-none-eabi/bin/../lib/gcc/arm-none-eabi/11.3.1/thumb/v7e-m+fp/hard/crtn.o
                0x0000000008001824                . = ALIGN (0x4)
                0x0000000008001824                _etext = .

.vfp11_veneer   0x0000000008001824        0x0
 .vfp11_veneer  0x0000000008001824        0x0 linker stubs

.v4_bx          0x0000000008001824        0x0
 .v4_bx         0x0000000008001824        0x0 linker stubs

.iplt           0x0000000008001824        0x0
 .iplt          0x0000000008001824        0x0 /usr/share/arm-gnu-toolchain-11.3.rel1-x86_64-arm-none-eabi/bin/../lib/gcc/arm-none-eabi/11.3.1/thumb/v7e-m+fp/hard/crtbegin.o

.rodata         0x0000000008001824       0x2c
                0x0000000008001824                . = ALIGN (0x4)
 *(.rodata)
 .rodata        0x0000000008001824       0x14 build/main.o
 *(.rodata*)
 .rodata.AHBPrescTable
                0x0000000008001838       0x10 build/system_stm32f4xx.o
                0x0000000008001838                AHBPrescTable
 .rodata.APBPrescTable
                0x0000000008001848        0x8 build/system_stm32f4xx.o
                0x0000000008001848                APBPrescTable
                0x0000000008001850                . = ALIGN (0x4)

.ARM.extab
 *(.ARM.extab* .gnu.linkonce.armextab.*)

.ARM            0x0000000008001850        0x8
                0x0000000008001850                __exidx_start = .
 *(.ARM.exidx*)
 .ARM.exidx.text.__udivmoddi4
                0x0000000008001850        0x8 /usr/share/arm-gnu-toolchain-11.3.rel1-x86_64-arm-none-eabi/bin/../lib/gcc/arm-none-eabi/11.3.1/thumb/v7e-m+fp/hard/libgcc.a(_udivmoddi4.o)
                0x0000000008001858                __exidx_end = .

.rel.dyn        0x0000000008001858        0x0
 .rel.iplt      0x0000000008001858        0x0 /usr/share/arm-gnu-toolchain-11.3.rel1-x86_64-arm-none-eabi/bin/../lib/gcc/arm-none-eabi/11.3.1/thumb/v7e-m+fp/hard/crtbegin.o

.preinit_array  0x0000000008001858        0x0
                0x0000000008001858                PROVIDE (__preinit_array_start = .)
 *(.preinit_array*)
                0x0000000008001858                PROVIDE (__preinit_array_end = .)

.init_array     0x0000000008001858        0x4
                0x0000000008001858                PROVIDE (__init_array_start = .)
 *(SORT_BY_NAME(.init_array.*))
 *(.init_array*)
 .init_array    0x0000000008001858        0x4 /usr/share/arm-gnu-toolchain-11.3.rel1-x86_64-arm-none-eabi/bin/../lib/gcc/arm-none-eabi/11.3.1/thumb/v7e-m+fp/hard/crtbegin.o
                0x000000000800185c                PROVIDE (__init_array_end = .)

.fini_array     0x000000000800185c        0x4
                [!provide]                        PROVIDE (__fini_array_start = .)
 *(SORT_BY_NAME(.fini_array.*))
 *(.fini_array*)
 .fini_array    0x000000000800185c        0x4 /usr/share/arm-gnu-toolchain-11.3.rel1-x86_64-arm-none-eabi/bin/../lib/gcc/arm-none-eabi/11.3.1/thumb/v7e-m+fp/hard/crtbegin.o
                [!provide]                        PROVIDE (__fini_array_end = .)
                0x0000000008001860                _sidata = LOADADDR (.data)

.data           0x0000000020000000        0xc load address 0x0000000008001860
                0x0000000020000000                . = ALIGN (0x4)
                0x0000000020000000                _sdata = .
 *(.data)
 *(.data*)
 .data.uwTickFreq
                0x0000000020000000        0x1 build/stm32f4xx_hal.o
                0x0000000020000000                uwTickFreq
 *fill*         0x0000000020000001        0x3 
 .data.uwTickPrio
                0x0000000020000004        0x4 build/stm32f4xx_hal.o
                0x0000000020000004                uwTickPrio
 .data.SystemCoreClock
                0x0000000020000008        0x4 build/system_stm32f4xx.o
                0x0000000020000008                SystemCoreClock
                0x000000002000000c                . = ALIGN (0x4)
                0x000000002000000c                _edata = .

.tm_clone_table
                0x000000002000000c        0x0 load address 0x000000000800186c
 .tm_clone_table
                0x000000002000000c        0x0 /usr/share/arm-gnu-toolchain-11.3.rel1-x86_64-arm-none-eabi/bin/../lib/gcc/arm-none-eabi/11.3.1/thumb/v7e-m+fp/hard/crtbegin.o
 .tm_clone_table
                0x000000002000000c        0x0 /usr/share/arm-gnu-toolchain-11.3.rel1-x86_64-arm-none-eabi/bin/../lib/gcc/arm-none-eabi/11.3.1/thumb/v7e-m+fp/hard/crtend.o

.igot.plt       0x000000002000000c        0x0 load address 0x000000000800186c
 .igot.plt      0x000000002000000c        0x0 /usr/share/arm-gnu-toolchain-11.3.rel1-x86_64-arm-none-eabi/bin/../lib/gcc/arm-none-eabi/11.3.1/thumb/v7e-m+fp/hard/crtbegin.o
                0x000000002000000c                . = ALIGN (0x4)

.bss            0x000000002000000c       0xc4 load address 0x000000000800186c
                0x000000002000000c                _sbss = .
                0x000000002000000c                __bss_start__ = _sbss
 *(.bss)
 *(.bss*)
 .bss.completed.1
                0x000000002000000c        0x1 /usr/share/arm-gnu-toolchain-11.3.rel1-x86_64-arm-none-eabi/bin/../lib/gcc/arm-none-eabi/11.3.1/thumb/v7e-m+fp/hard/crtbegin.o
 *fill*         0x000000002000000d        0x3 
 .bss.object.0  0x0000000020000010       0x18 /usr/share/arm-gnu-toolchain-11.3.rel1-x86_64-arm-none-eabi/bin/../lib/gcc/arm-none-eabi/11.3.1/thumb/v7e-m+fp/hard/crtbegin.o
 .bss.hdma_adc1
                0x0000000020000028       0x60 build/adc.o
                0x0000000020000028                hdma_adc1
 .bss.huart2    0x0000000020000088       0x44 build/usart.o
                0x0000000020000088                huart2
 .bss.uwTick    0x00000000200000cc        0x4 build/stm32f4xx_hal.o
                0x00000000200000cc                uwTick
 *(COMMON)
                0x00000000200000d0                . = ALIGN (0x4)
                0x00000000200000d0                _ebss = .
                0x00000000200000d0                __bss_end__ = _ebss

._user_heap_stack
                0x00000000200000d0      0x600 load address 0x000000000800186c
                0x00000000200000d0                . = ALIGN (0x8)
                0x00000000200000d0                PROVIDE (end = .)
                [!provide]                        PROVIDE (_end = .)
                0x00000000200002d0                . = (. + _Min_Heap_Size)
 *fill*         0x00000000200000d0      0x200 
                0x00000000200006d0                . = (. + _Min_Stack_Size)
 *fill*         0x00000000200002d0      0x400 
                0x00000000200006d0                . = ALIGN (0x8)

/DISCARD/
 libc.a(*)
 libm.a(*)
 libgcc.a(*)

.ARM.attributes
                0x0000000000000000       0x30
 *(.ARM.attributes)
 .ARM.attributes
                0x0000000000000000       0x1e /usr/share/arm-gnu-toolchain-11.3.rel1-x86_64-arm-none-eabi/bin/../lib/gcc/arm-none-eabi/11.3.1/thumb/v7e-m+fp/hard/crti.o
 .ARM.attributes
                0x000000000000001e       0x34 /usr/share/arm-gnu-toolchain-11.3.rel1-x86_64-arm-none-eabi/bin/../lib/gcc/arm-none-eabi/11.3.1/thumb/v7e-m+fp/hard/crtbegin.o
 .ARM.attributes
                0x0000000000000052       0x34 build/main.o
 .ARM.attributes
                0x0000000000000086       0x34 build/gpio.o
 .ARM.attributes
                0x00000000000000ba       0x34 build/adc.o
 .ARM.attributes
                0x00000000000000ee       0x34 build/usart.o
 .ARM.attributes
                0x0000000000000122       0x34 build/stm32f4xx_it.o
 .ARM.attributes
                0x0000000000000156       0x34 build/stm32f4xx_hal_msp.o
 .ARM.attributes
                0x000000000000018a       0x34 build/stm32f4xx_hal_rcc.o
 .ARM.attributes
                0x00000000000001be       0x34 build/stm32f4xx_hal_rcc_ex.o
 .ARM.attributes
                0x00000000000001f2       0x34 build/stm32f4xx_hal_gpio.o
 .ARM.attributes
                0x0000000000000226       0x34 build/stm32f4xx_hal_dma.o
 .ARM.attributes
                0x000000000000025a       0x34 build/stm32f4xx_hal_cortex.o
 .ARM.attributes
                0x000000000000028e       0x34 build/stm32f4xx_hal.o
 .ARM.attributes
                0x00000000000002c2       0x34 build/stm32f4xx_hal_uart.o
 .ARM.attributes
                0x00000000000002f6       0x34 build/system_stm32f4xx.o
 .ARM.attributes
                0x000000000000032a       0x21 build/startup_stm32f413xx.o
 .ARM.attributes
                0x000000000000034b       0x34 /usr/share/arm-gnu-toolchain-11.3.rel1-x86_64-arm-none-eabi/bin/../lib/gcc/arm-none-eabi/11.3.1/../../../../arm-none-eabi/lib/thumb/v7e-m+fp/hard/libc_nano.a(libc_a-init.o)
 .ARM.attributes
                0x000000000000037f       0x17 /usr/share/arm-gnu-toolchain-11.3.rel1-x86_64-arm-none-eabi/bin/../lib/gcc/arm-none-eabi/11.3.1/../../../../arm-none-eabi/lib/thumb/v7e-m+fp/hard/libc_nano.a(libc_a-strlen.o)
 .ARM.attributes
                0x0000000000000396       0x34 /usr/share/arm-gnu-toolchain-11.3.rel1-x86_64-arm-none-eabi/bin/../lib/gcc/arm-none-eabi/11.3.1/../../../../arm-none-eabi/lib/thumb/v7e-m+fp/hard/libc_nano.a(libc_a-memset.o)
 .ARM.attributes
                0x00000000000003ca       0x1e /usr/share/arm-gnu-toolchain-11.3.rel1-x86_64-arm-none-eabi/bin/../lib/gcc/arm-none-eabi/11.3.1/thumb/v7e-m+fp/hard/libgcc.a(_aeabi_uldivmod.o)
 .ARM.attributes
                0x00000000000003e8       0x34 /usr/share/arm-gnu-toolchain-11.3.rel1-x86_64-arm-none-eabi/bin/../lib/gcc/arm-none-eabi/11.3.1/thumb/v7e-m+fp/hard/libgcc.a(_udivmoddi4.o)
 .ARM.attributes
                0x000000000000041c       0x1e /usr/share/arm-gnu-toolchain-11.3.rel1-x86_64-arm-none-eabi/bin/../lib/gcc/arm-none-eabi/11.3.1/thumb/v7e-m+fp/hard/libgcc.a(_dvmd_tls.o)
 .ARM.attributes
                0x000000000000043a       0x34 /usr/share/arm-gnu-toolchain-11.3.rel1-x86_64-arm-none-eabi/bin/../lib/gcc/arm-none-eabi/11.3.1/thumb/v7e-m+fp/hard/crtend.o
 .ARM.attributes
                0x000000000000046e       0x1e /usr/share/arm-gnu-toolchain-11.3.rel1-x86_64-arm-none-eabi/bin/../lib/gcc/arm-none-eabi/11.3.1/thumb/v7e-m+fp/hard/crtn.o
OUTPUT(build/Controls.elf elf32-littlearm)
LOAD linker stubs
LOAD /usr/share/arm-gnu-toolchain-11.3.rel1-x86_64-arm-none-eabi/bin/../lib/gcc/arm-none-eabi/11.3.1/../../../../arm-none-eabi/lib/thumb/v7e-m+fp/hard/libc.a
LOAD /usr/share/arm-gnu-toolchain-11.3.rel1-x86_64-arm-none-eabi/bin/../lib/gcc/arm-none-eabi/11.3.1/../../../../arm-none-eabi/lib/thumb/v7e-m+fp/hard/libm.a
LOAD /usr/share/arm-gnu-toolchain-11.3.rel1-x86_64-arm-none-eabi/bin/../lib/gcc/arm-none-eabi/11.3.1/thumb/v7e-m+fp/hard/libgcc.a

.comment        0x0000000000000000       0x33
 .comment       0x0000000000000000       0x33 /usr/share/arm-gnu-toolchain-11.3.rel1-x86_64-arm-none-eabi/bin/../lib/gcc/arm-none-eabi/11.3.1/thumb/v7e-m+fp/hard/crtbegin.o
                                         0x34 (size before relaxing)
 .comment       0x0000000000000033       0x34 build/main.o
 .comment       0x0000000000000033       0x34 build/gpio.o
 .comment       0x0000000000000033       0x34 build/adc.o
 .comment       0x0000000000000033       0x34 build/usart.o
 .comment       0x0000000000000033       0x34 build/stm32f4xx_it.o
 .comment       0x0000000000000033       0x34 build/stm32f4xx_hal_msp.o
 .comment       0x0000000000000033       0x34 build/stm32f4xx_hal_rcc.o
 .comment       0x0000000000000033       0x34 build/stm32f4xx_hal_rcc_ex.o
 .comment       0x0000000000000033       0x34 build/stm32f4xx_hal_gpio.o
 .comment       0x0000000000000033       0x34 build/stm32f4xx_hal_dma.o
 .comment       0x0000000000000033       0x34 build/stm32f4xx_hal_cortex.o
 .comment       0x0000000000000033       0x34 build/stm32f4xx_hal.o
 .comment       0x0000000000000033       0x34 build/stm32f4xx_hal_uart.o
 .comment       0x0000000000000033       0x34 build/system_stm32f4xx.o
 .comment       0x0000000000000033       0x34 /usr/share/arm-gnu-toolchain-11.3.rel1-x86_64-arm-none-eabi/bin/../lib/gcc/arm-none-eabi/11.3.1/../../../../arm-none-eabi/lib/thumb/v7e-m+fp/hard/libc_nano.a(libc_a-init.o)
 .comment       0x0000000000000033       0x34 /usr/share/arm-gnu-toolchain-11.3.rel1-x86_64-arm-none-eabi/bin/../lib/gcc/arm-none-eabi/11.3.1/../../../../arm-none-eabi/lib/thumb/v7e-m+fp/hard/libc_nano.a(libc_a-memset.o)
 .comment       0x0000000000000033       0x34 /usr/share/arm-gnu-toolchain-11.3.rel1-x86_64-arm-none-eabi/bin/../lib/gcc/arm-none-eabi/11.3.1/thumb/v7e-m+fp/hard/libgcc.a(_udivmoddi4.o)
 .comment       0x0000000000000033       0x34 /usr/share/arm-gnu-toolchain-11.3.rel1-x86_64-arm-none-eabi/bin/../lib/gcc/arm-none-eabi/11.3.1/thumb/v7e-m+fp/hard/crtend.o

.debug_info     0x0000000000000000     0xd061
 .debug_info    0x0000000000000000      0xcaa build/main.o
 .debug_info    0x0000000000000caa      0x61c build/gpio.o
 .debug_info    0x00000000000012c6      0xc7b build/adc.o
 .debug_info    0x0000000000001f41      0xc5a build/usart.o
 .debug_info    0x0000000000002b9b      0x47b build/stm32f4xx_it.o
 .debug_info    0x0000000000003016      0x32f build/stm32f4xx_hal_msp.o
 .debug_info    0x0000000000003345      0xc5d build/stm32f4xx_hal_rcc.o
 .debug_info    0x0000000000003fa2      0xb59 build/stm32f4xx_hal_rcc_ex.o
 .debug_info    0x0000000000004afb      0x8cc build/stm32f4xx_hal_gpio.o
 .debug_info    0x00000000000053c7      0xbce build/stm32f4xx_hal_dma.o
 .debug_info    0x0000000000005f95     0x11c8 build/stm32f4xx_hal_cortex.o
 .debug_info    0x000000000000715d      0xb8c build/stm32f4xx_hal.o
 .debug_info    0x0000000000007ce9     0x4425 build/stm32f4xx_hal_uart.o
 .debug_info    0x000000000000c10e      0x5f7 build/system_stm32f4xx.o
 .debug_info    0x000000000000c705       0x22 build/startup_stm32f413xx.o
 .debug_info    0x000000000000c727      0x10b /usr/share/arm-gnu-toolchain-11.3.rel1-x86_64-arm-none-eabi/bin/../lib/gcc/arm-none-eabi/11.3.1/../../../../arm-none-eabi/lib/thumb/v7e-m+fp/hard/libc_nano.a(libc_a-init.o)
 .debug_info    0x000000000000c832       0x24 /usr/share/arm-gnu-toolchain-11.3.rel1-x86_64-arm-none-eabi/bin/../lib/gcc/arm-none-eabi/11.3.1/../../../../arm-none-eabi/lib/thumb/v7e-m+fp/hard/libc_nano.a(libc_a-strlen.o)
 .debug_info    0x000000000000c856       0xe0 /usr/share/arm-gnu-toolchain-11.3.rel1-x86_64-arm-none-eabi/bin/../lib/gcc/arm-none-eabi/11.3.1/../../../../arm-none-eabi/lib/thumb/v7e-m+fp/hard/libc_nano.a(libc_a-memset.o)
 .debug_info    0x000000000000c936       0x24 /usr/share/arm-gnu-toolchain-11.3.rel1-x86_64-arm-none-eabi/bin/../lib/gcc/arm-none-eabi/11.3.1/thumb/v7e-m+fp/hard/libgcc.a(_aeabi_uldivmod.o)
 .debug_info    0x000000000000c95a      0x6e3 /usr/share/arm-gnu-toolchain-11.3.rel1-x86_64-arm-none-eabi/bin/../lib/gcc/arm-none-eabi/11.3.1/thumb/v7e-m+fp/hard/libgcc.a(_udivmoddi4.o)
 .debug_info    0x000000000000d03d       0x24 /usr/share/arm-gnu-toolchain-11.3.rel1-x86_64-arm-none-eabi/bin/../lib/gcc/arm-none-eabi/11.3.1/thumb/v7e-m+fp/hard/libgcc.a(_dvmd_tls.o)

.debug_abbrev   0x0000000000000000     0x2194
 .debug_abbrev  0x0000000000000000      0x25c build/main.o
 .debug_abbrev  0x000000000000025c      0x160 build/gpio.o
 .debug_abbrev  0x00000000000003bc      0x210 build/adc.o
 .debug_abbrev  0x00000000000005cc      0x20f build/usart.o
 .debug_abbrev  0x00000000000007db      0x16b build/stm32f4xx_it.o
 .debug_abbrev  0x0000000000000946       0xd3 build/stm32f4xx_hal_msp.o
 .debug_abbrev  0x0000000000000a19      0x2de build/stm32f4xx_hal_rcc.o
 .debug_abbrev  0x0000000000000cf7      0x216 build/stm32f4xx_hal_rcc_ex.o
 .debug_abbrev  0x0000000000000f0d      0x22b build/stm32f4xx_hal_gpio.o
 .debug_abbrev  0x0000000000001138      0x2fe build/stm32f4xx_hal_dma.o
 .debug_abbrev  0x0000000000001436      0x371 build/stm32f4xx_hal_cortex.o
 .debug_abbrev  0x00000000000017a7      0x244 build/stm32f4xx_hal.o
 .debug_abbrev  0x00000000000019eb      0x36f build/stm32f4xx_hal_uart.o
 .debug_abbrev  0x0000000000001d5a      0x11b build/system_stm32f4xx.o
 .debug_abbrev  0x0000000000001e75       0x12 build/startup_stm32f413xx.o
 .debug_abbrev  0x0000000000001e87       0xc9 /usr/share/arm-gnu-toolchain-11.3.rel1-x86_64-arm-none-eabi/bin/../lib/gcc/arm-none-eabi/11.3.1/../../../../arm-none-eabi/lib/thumb/v7e-m+fp/hard/libc_nano.a(libc_a-init.o)
 .debug_abbrev  0x0000000000001f50       0x14 /usr/share/arm-gnu-toolchain-11.3.rel1-x86_64-arm-none-eabi/bin/../lib/gcc/arm-none-eabi/11.3.1/../../../../arm-none-eabi/lib/thumb/v7e-m+fp/hard/libc_nano.a(libc_a-strlen.o)
 .debug_abbrev  0x0000000000001f64       0x9e /usr/share/arm-gnu-toolchain-11.3.rel1-x86_64-arm-none-eabi/bin/../lib/gcc/arm-none-eabi/11.3.1/../../../../arm-none-eabi/lib/thumb/v7e-m+fp/hard/libc_nano.a(libc_a-memset.o)
 .debug_abbrev  0x0000000000002002       0x14 /usr/share/arm-gnu-toolchain-11.3.rel1-x86_64-arm-none-eabi/bin/../lib/gcc/arm-none-eabi/11.3.1/thumb/v7e-m+fp/hard/libgcc.a(_aeabi_uldivmod.o)
 .debug_abbrev  0x0000000000002016      0x16a /usr/share/arm-gnu-toolchain-11.3.rel1-x86_64-arm-none-eabi/bin/../lib/gcc/arm-none-eabi/11.3.1/thumb/v7e-m+fp/hard/libgcc.a(_udivmoddi4.o)
 .debug_abbrev  0x0000000000002180       0x14 /usr/share/arm-gnu-toolchain-11.3.rel1-x86_64-arm-none-eabi/bin/../lib/gcc/arm-none-eabi/11.3.1/thumb/v7e-m+fp/hard/libgcc.a(_dvmd_tls.o)

.debug_loc      0x0000000000000000     0x83b7
 .debug_loc     0x0000000000000000       0x72 build/main.o
 .debug_loc     0x0000000000000072       0x39 build/gpio.o
 .debug_loc     0x00000000000000ab      0x119 build/adc.o
 .debug_loc     0x00000000000001c4      0x164 build/usart.o
 .debug_loc     0x0000000000000328       0x40 build/stm32f4xx_it.o
 .debug_loc     0x0000000000000368       0x2c build/stm32f4xx_hal_msp.o
 .debug_loc     0x0000000000000394      0x6e4 build/stm32f4xx_hal_rcc.o
 .debug_loc     0x0000000000000a78      0xaf4 build/stm32f4xx_hal_rcc_ex.o
 .debug_loc     0x000000000000156c      0x5db build/stm32f4xx_hal_gpio.o
 .debug_loc     0x0000000000001b47      0xd6d build/stm32f4xx_hal_dma.o
 .debug_loc     0x00000000000028b4      0x831 build/stm32f4xx_hal_cortex.o
 .debug_loc     0x00000000000030e5      0x1e1 build/stm32f4xx_hal.o
 .debug_loc     0x00000000000032c6     0x4f99 build/stm32f4xx_hal_uart.o
 .debug_loc     0x000000000000825f      0x158 build/system_stm32f4xx.o

.debug_aranges  0x0000000000000000      0x7b8
 .debug_aranges
                0x0000000000000000       0x30 build/main.o
 .debug_aranges
                0x0000000000000030       0x20 build/gpio.o
 .debug_aranges
                0x0000000000000050       0x30 build/adc.o
 .debug_aranges
                0x0000000000000080       0x38 build/usart.o
 .debug_aranges
                0x00000000000000b8       0x68 build/stm32f4xx_it.o
 .debug_aranges
                0x0000000000000120       0x20 build/stm32f4xx_hal_msp.o
 .debug_aranges
                0x0000000000000140       0x88 build/stm32f4xx_hal_rcc.o
 .debug_aranges
                0x00000000000001c8       0x60 build/stm32f4xx_hal_rcc_ex.o
 .debug_aranges
                0x0000000000000228       0x58 build/stm32f4xx_hal_gpio.o
 .debug_aranges
                0x0000000000000280       0x90 build/stm32f4xx_hal_dma.o
 .debug_aranges
                0x0000000000000310       0xa8 build/stm32f4xx_hal_cortex.o
 .debug_aranges
                0x00000000000003b8       0xf0 build/stm32f4xx_hal.o
 .debug_aranges
                0x00000000000004a8      0x200 build/stm32f4xx_hal_uart.o
 .debug_aranges
                0x00000000000006a8       0x28 build/system_stm32f4xx.o
 .debug_aranges
                0x00000000000006d0       0x28 build/startup_stm32f413xx.o
 .debug_aranges
                0x00000000000006f8       0x20 /usr/share/arm-gnu-toolchain-11.3.rel1-x86_64-arm-none-eabi/bin/../lib/gcc/arm-none-eabi/11.3.1/../../../../arm-none-eabi/lib/thumb/v7e-m+fp/hard/libc_nano.a(libc_a-init.o)
 .debug_aranges
                0x0000000000000718       0x20 /usr/share/arm-gnu-toolchain-11.3.rel1-x86_64-arm-none-eabi/bin/../lib/gcc/arm-none-eabi/11.3.1/../../../../arm-none-eabi/lib/thumb/v7e-m+fp/hard/libc_nano.a(libc_a-strlen.o)
 .debug_aranges
                0x0000000000000738       0x20 /usr/share/arm-gnu-toolchain-11.3.rel1-x86_64-arm-none-eabi/bin/../lib/gcc/arm-none-eabi/11.3.1/../../../../arm-none-eabi/lib/thumb/v7e-m+fp/hard/libc_nano.a(libc_a-memset.o)
 .debug_aranges
                0x0000000000000758       0x20 /usr/share/arm-gnu-toolchain-11.3.rel1-x86_64-arm-none-eabi/bin/../lib/gcc/arm-none-eabi/11.3.1/thumb/v7e-m+fp/hard/libgcc.a(_aeabi_uldivmod.o)
 .debug_aranges
                0x0000000000000778       0x20 /usr/share/arm-gnu-toolchain-11.3.rel1-x86_64-arm-none-eabi/bin/../lib/gcc/arm-none-eabi/11.3.1/thumb/v7e-m+fp/hard/libgcc.a(_udivmoddi4.o)
 .debug_aranges
                0x0000000000000798       0x20 /usr/share/arm-gnu-toolchain-11.3.rel1-x86_64-arm-none-eabi/bin/../lib/gcc/arm-none-eabi/11.3.1/thumb/v7e-m+fp/hard/libgcc.a(_dvmd_tls.o)

.debug_ranges   0x0000000000000000      0x6b8
 .debug_ranges  0x0000000000000000       0x20 build/main.o
 .debug_ranges  0x0000000000000020       0x10 build/gpio.o
 .debug_ranges  0x0000000000000030       0x20 build/adc.o
 .debug_ranges  0x0000000000000050       0x28 build/usart.o
 .debug_ranges  0x0000000000000078       0x58 build/stm32f4xx_it.o
 .debug_ranges  0x00000000000000d0       0x10 build/stm32f4xx_hal_msp.o
 .debug_ranges  0x00000000000000e0       0x90 build/stm32f4xx_hal_rcc.o
 .debug_ranges  0x0000000000000170       0x68 build/stm32f4xx_hal_rcc_ex.o
 .debug_ranges  0x00000000000001d8       0x48 build/stm32f4xx_hal_gpio.o
 .debug_ranges  0x0000000000000220       0x80 build/stm32f4xx_hal_dma.o
 .debug_ranges  0x00000000000002a0       0xf8 build/stm32f4xx_hal_cortex.o
 .debug_ranges  0x0000000000000398       0xe0 build/stm32f4xx_hal.o
 .debug_ranges  0x0000000000000478      0x208 build/stm32f4xx_hal_uart.o
 .debug_ranges  0x0000000000000680       0x18 build/system_stm32f4xx.o
 .debug_ranges  0x0000000000000698       0x20 build/startup_stm32f413xx.o

.debug_line     0x0000000000000000     0xa0fb
 .debug_line    0x0000000000000000      0x41d build/main.o
 .debug_line    0x000000000000041d      0x24a build/gpio.o
 .debug_line    0x0000000000000667      0x383 build/adc.o
 .debug_line    0x00000000000009ea      0x3c4 build/usart.o
 .debug_line    0x0000000000000dae      0x2ca build/stm32f4xx_it.o
 .debug_line    0x0000000000001078      0x16c build/stm32f4xx_hal_msp.o
 .debug_line    0x00000000000011e4      0xb20 build/stm32f4xx_hal_rcc.o
 .debug_line    0x0000000000001d04      0xf90 build/stm32f4xx_hal_rcc_ex.o
 .debug_line    0x0000000000002c94      0x6b2 build/stm32f4xx_hal_gpio.o
 .debug_line    0x0000000000003346      0xe3b build/stm32f4xx_hal_dma.o
 .debug_line    0x0000000000004181      0x789 build/stm32f4xx_hal_cortex.o
 .debug_line    0x000000000000490a      0x577 build/stm32f4xx_hal.o
 .debug_line    0x0000000000004e81     0x45ef build/stm32f4xx_hal_uart.o
 .debug_line    0x0000000000009470      0x262 build/system_stm32f4xx.o
 .debug_line    0x00000000000096d2       0x76 build/startup_stm32f413xx.o
 .debug_line    0x0000000000009748      0x178 /usr/share/arm-gnu-toolchain-11.3.rel1-x86_64-arm-none-eabi/bin/../lib/gcc/arm-none-eabi/11.3.1/../../../../arm-none-eabi/lib/thumb/v7e-m+fp/hard/libc_nano.a(libc_a-init.o)
 .debug_line    0x00000000000098c0       0x4f /usr/share/arm-gnu-toolchain-11.3.rel1-x86_64-arm-none-eabi/bin/../lib/gcc/arm-none-eabi/11.3.1/../../../../arm-none-eabi/lib/thumb/v7e-m+fp/hard/libc_nano.a(libc_a-strlen.o)
 .debug_line    0x000000000000990f      0x16f /usr/share/arm-gnu-toolchain-11.3.rel1-x86_64-arm-none-eabi/bin/../lib/gcc/arm-none-eabi/11.3.1/../../../../arm-none-eabi/lib/thumb/v7e-m+fp/hard/libc_nano.a(libc_a-memset.o)
 .debug_line    0x0000000000009a7e       0x4e /usr/share/arm-gnu-toolchain-11.3.rel1-x86_64-arm-none-eabi/bin/../lib/gcc/arm-none-eabi/11.3.1/thumb/v7e-m+fp/hard/libgcc.a(_aeabi_uldivmod.o)
 .debug_line    0x0000000000009acc      0x5e5 /usr/share/arm-gnu-toolchain-11.3.rel1-x86_64-arm-none-eabi/bin/../lib/gcc/arm-none-eabi/11.3.1/thumb/v7e-m+fp/hard/libgcc.a(_udivmoddi4.o)
 .debug_line    0x000000000000a0b1       0x4a /usr/share/arm-gnu-toolchain-11.3.rel1-x86_64-arm-none-eabi/bin/../lib/gcc/arm-none-eabi/11.3.1/thumb/v7e-m+fp/hard/libgcc.a(_dvmd_tls.o)

.debug_str      0x0000000000000000     0x32d1
 .debug_str     0x0000000000000000      0x85c build/main.o
                                        0x906 (size before relaxing)
 .debug_str     0x000000000000085c       0xc2 build/gpio.o
                                        0x371 (size before relaxing)
 .debug_str     0x000000000000091e      0x259 build/adc.o
                                        0x80a (size before relaxing)
 .debug_str     0x0000000000000b77       0x69 build/usart.o
                                        0x820 (size before relaxing)
 .debug_str     0x0000000000000be0       0xdf build/stm32f4xx_it.o
                                        0x497 (size before relaxing)
 .debug_str     0x0000000000000cbf       0x29 build/stm32f4xx_hal_msp.o
                                        0x2b2 (size before relaxing)
 .debug_str     0x0000000000000ce8      0x22f build/stm32f4xx_hal_rcc.o
                                        0x702 (size before relaxing)
 .debug_str     0x0000000000000f17      0x2e7 build/stm32f4xx_hal_rcc_ex.o
                                        0x72a (size before relaxing)
 .debug_str     0x00000000000011fe      0x120 build/stm32f4xx_hal_gpio.o
                                        0x4e6 (size before relaxing)
 .debug_str     0x000000000000131e      0x2e7 build/stm32f4xx_hal_dma.o
                                        0x749 (size before relaxing)
 .debug_str     0x0000000000001605      0xa97 build/stm32f4xx_hal_cortex.o
                                        0xcb1 (size before relaxing)
 .debug_str     0x000000000000209c      0x29f build/stm32f4xx_hal.o
                                        0xc0d (size before relaxing)
 .debug_str     0x000000000000233b      0x5fa build/stm32f4xx_hal_uart.o
                                        0xd2c (size before relaxing)
 .debug_str     0x0000000000002935       0x47 build/system_stm32f4xx.o
                                        0x36c (size before relaxing)
 .debug_str     0x000000000000297c       0x22 build/startup_stm32f413xx.o
                                         0x45 (size before relaxing)
 .debug_str     0x000000000000299e      0x1c4 /usr/share/arm-gnu-toolchain-11.3.rel1-x86_64-arm-none-eabi/bin/../lib/gcc/arm-none-eabi/11.3.1/../../../../arm-none-eabi/lib/thumb/v7e-m+fp/hard/libc_nano.a(libc_a-init.o)
                                        0x266 (size before relaxing)
 .debug_str     0x0000000000002b62       0x6a /usr/share/arm-gnu-toolchain-11.3.rel1-x86_64-arm-none-eabi/bin/../lib/gcc/arm-none-eabi/11.3.1/../../../../arm-none-eabi/lib/thumb/v7e-m+fp/hard/libc_nano.a(libc_a-strlen.o)
                                         0xf0 (size before relaxing)
 .debug_str     0x0000000000002bcc       0x5b /usr/share/arm-gnu-toolchain-11.3.rel1-x86_64-arm-none-eabi/bin/../lib/gcc/arm-none-eabi/11.3.1/../../../../arm-none-eabi/lib/thumb/v7e-m+fp/hard/libc_nano.a(libc_a-memset.o)
                                        0x205 (size before relaxing)
 .debug_str     0x0000000000002c27       0xc2 /usr/share/arm-gnu-toolchain-11.3.rel1-x86_64-arm-none-eabi/bin/../lib/gcc/arm-none-eabi/11.3.1/thumb/v7e-m+fp/hard/libgcc.a(_aeabi_uldivmod.o)
                                         0xce (size before relaxing)
 .debug_str     0x0000000000002ce9      0x595 /usr/share/arm-gnu-toolchain-11.3.rel1-x86_64-arm-none-eabi/bin/../lib/gcc/arm-none-eabi/11.3.1/thumb/v7e-m+fp/hard/libgcc.a(_udivmoddi4.o)
                                        0x69d (size before relaxing)
 .debug_str     0x000000000000327e       0x53 /usr/share/arm-gnu-toolchain-11.3.rel1-x86_64-arm-none-eabi/bin/../lib/gcc/arm-none-eabi/11.3.1/thumb/v7e-m+fp/hard/libgcc.a(_dvmd_tls.o)
                                         0xd2 (size before relaxing)

.debug_frame    0x0000000000000000     0x1108
 .debug_frame   0x0000000000000000       0x58 build/main.o
 .debug_frame   0x0000000000000058       0x38 build/gpio.o
 .debug_frame   0x0000000000000090       0x6c build/adc.o
 .debug_frame   0x00000000000000fc       0x80 build/usart.o
 .debug_frame   0x000000000000017c       0xc0 build/stm32f4xx_it.o
 .debug_frame   0x000000000000023c       0x28 build/stm32f4xx_hal_msp.o
 .debug_frame   0x0000000000000264      0x16c build/stm32f4xx_hal_rcc.o
 .debug_frame   0x00000000000003d0      0x100 build/stm32f4xx_hal_rcc_ex.o
 .debug_frame   0x00000000000004d0       0xd8 build/stm32f4xx_hal_gpio.o
 .debug_frame   0x00000000000005a8      0x188 build/stm32f4xx_hal_dma.o
 .debug_frame   0x0000000000000730      0x148 build/stm32f4xx_hal_cortex.o
 .debug_frame   0x0000000000000878      0x1ec build/stm32f4xx_hal.o
 .debug_frame   0x0000000000000a64      0x5c8 build/stm32f4xx_hal_uart.o
 .debug_frame   0x000000000000102c       0x30 build/system_stm32f4xx.o
 .debug_frame   0x000000000000105c       0x2c /usr/share/arm-gnu-toolchain-11.3.rel1-x86_64-arm-none-eabi/bin/../lib/gcc/arm-none-eabi/11.3.1/../../../../arm-none-eabi/lib/thumb/v7e-m+fp/hard/libc_nano.a(libc_a-init.o)
 .debug_frame   0x0000000000001088       0x20 /usr/share/arm-gnu-toolchain-11.3.rel1-x86_64-arm-none-eabi/bin/../lib/gcc/arm-none-eabi/11.3.1/../../../../arm-none-eabi/lib/thumb/v7e-m+fp/hard/libc_nano.a(libc_a-memset.o)
 .debug_frame   0x00000000000010a8       0x2c /usr/share/arm-gnu-toolchain-11.3.rel1-x86_64-arm-none-eabi/bin/../lib/gcc/arm-none-eabi/11.3.1/thumb/v7e-m+fp/hard/libgcc.a(_aeabi_uldivmod.o)
 .debug_frame   0x00000000000010d4       0x34 /usr/share/arm-gnu-toolchain-11.3.rel1-x86_64-arm-none-eabi/bin/../lib/gcc/arm-none-eabi/11.3.1/thumb/v7e-m+fp/hard/libgcc.a(_udivmoddi4.o)

.debug_loclists
                0x0000000000000000      0xb9a
 .debug_loclists
                0x0000000000000000       0x44 /usr/share/arm-gnu-toolchain-11.3.rel1-x86_64-arm-none-eabi/bin/../lib/gcc/arm-none-eabi/11.3.1/../../../../arm-none-eabi/lib/thumb/v7e-m+fp/hard/libc_nano.a(libc_a-init.o)
 .debug_loclists
                0x0000000000000044       0x47 /usr/share/arm-gnu-toolchain-11.3.rel1-x86_64-arm-none-eabi/bin/../lib/gcc/arm-none-eabi/11.3.1/../../../../arm-none-eabi/lib/thumb/v7e-m+fp/hard/libc_nano.a(libc_a-memset.o)
 .debug_loclists
                0x000000000000008b      0xb0f /usr/share/arm-gnu-toolchain-11.3.rel1-x86_64-arm-none-eabi/bin/../lib/gcc/arm-none-eabi/11.3.1/thumb/v7e-m+fp/hard/libgcc.a(_udivmoddi4.o)

.debug_rnglists
                0x0000000000000000       0xb8
 .debug_rnglists
                0x0000000000000000       0x13 /usr/share/arm-gnu-toolchain-11.3.rel1-x86_64-arm-none-eabi/bin/../lib/gcc/arm-none-eabi/11.3.1/../../../../arm-none-eabi/lib/thumb/v7e-m+fp/hard/libc_nano.a(libc_a-init.o)
 .debug_rnglists
                0x0000000000000013       0x13 /usr/share/arm-gnu-toolchain-11.3.rel1-x86_64-arm-none-eabi/bin/../lib/gcc/arm-none-eabi/11.3.1/../../../../arm-none-eabi/lib/thumb/v7e-m+fp/hard/libc_nano.a(libc_a-memset.o)
 .debug_rnglists
                0x0000000000000026       0x92 /usr/share/arm-gnu-toolchain-11.3.rel1-x86_64-arm-none-eabi/bin/../lib/gcc/arm-none-eabi/11.3.1/thumb/v7e-m+fp/hard/libgcc.a(_udivmoddi4.o)

.debug_line_str
                0x0000000000000000      0x1b2
 .debug_line_str
                0x0000000000000000       0xe4 /usr/share/arm-gnu-toolchain-11.3.rel1-x86_64-arm-none-eabi/bin/../lib/gcc/arm-none-eabi/11.3.1/../../../../arm-none-eabi/lib/thumb/v7e-m+fp/hard/libc_nano.a(libc_a-strlen.o)
                                         0xf7 (size before relaxing)
 .debug_line_str
                0x00000000000000e4       0xc2 /usr/share/arm-gnu-toolchain-11.3.rel1-x86_64-arm-none-eabi/bin/../lib/gcc/arm-none-eabi/11.3.1/thumb/v7e-m+fp/hard/libgcc.a(_aeabi_uldivmod.o)
                                         0xca (size before relaxing)
 .debug_line_str
                0x00000000000001a6        0xc /usr/share/arm-gnu-toolchain-11.3.rel1-x86_64-arm-none-eabi/bin/../lib/gcc/arm-none-eabi/11.3.1/thumb/v7e-m+fp/hard/libgcc.a(_dvmd_tls.o)
                                         0xd2 (size before relaxing)

Cross Reference Table

Symbol                                            File
ADC_IRQHandler                                    build/startup_stm32f413xx.o
AHBPrescTable                                     build/system_stm32f4xx.o
                                                  build/stm32f4xx_hal_rcc.o
APBPrescTable                                     build/system_stm32f4xx.o
                                                  build/stm32f4xx_hal_rcc.o
BusFault_Handler                                  build/stm32f4xx_it.o
CAN1_RX0_IRQHandler                               build/startup_stm32f413xx.o
CAN1_RX1_IRQHandler                               build/startup_stm32f413xx.o
CAN1_SCE_IRQHandler                               build/startup_stm32f413xx.o
CAN1_TX_IRQHandler                                build/startup_stm32f413xx.o
CAN2_RX0_IRQHandler                               build/startup_stm32f413xx.o
CAN2_RX1_IRQHandler                               build/startup_stm32f413xx.o
CAN2_SCE_IRQHandler                               build/startup_stm32f413xx.o
CAN2_TX_IRQHandler                                build/startup_stm32f413xx.o
CAN3_RX0_IRQHandler                               build/startup_stm32f413xx.o
CAN3_RX1_IRQHandler                               build/startup_stm32f413xx.o
CAN3_SCE_IRQHandler                               build/startup_stm32f413xx.o
CAN3_TX_IRQHandler                                build/startup_stm32f413xx.o
DFSDM1_FLT0_IRQHandler                            build/startup_stm32f413xx.o
DFSDM1_FLT1_IRQHandler                            build/startup_stm32f413xx.o
DFSDM2_FLT0_IRQHandler                            build/startup_stm32f413xx.o
DFSDM2_FLT1_IRQHandler                            build/startup_stm32f413xx.o
DFSDM2_FLT2_IRQHandler                            build/startup_stm32f413xx.o
DFSDM2_FLT3_IRQHandler                            build/startup_stm32f413xx.o
DMA1_Stream0_IRQHandler                           build/startup_stm32f413xx.o
DMA1_Stream1_IRQHandler                           build/startup_stm32f413xx.o
DMA1_Stream2_IRQHandler                           build/startup_stm32f413xx.o
DMA1_Stream3_IRQHandler                           build/startup_stm32f413xx.o
DMA1_Stream4_IRQHandler                           build/startup_stm32f413xx.o
DMA1_Stream5_IRQHandler                           build/startup_stm32f413xx.o
DMA1_Stream6_IRQHandler                           build/startup_stm32f413xx.o
DMA1_Stream7_IRQHandler                           build/startup_stm32f413xx.o
DMA2_Stream0_IRQHandler                           build/stm32f4xx_it.o
DMA2_Stream1_IRQHandler                           build/startup_stm32f413xx.o
DMA2_Stream2_IRQHandler                           build/startup_stm32f413xx.o
DMA2_Stream3_IRQHandler                           build/startup_stm32f413xx.o
DMA2_Stream4_IRQHandler                           build/startup_stm32f413xx.o
DMA2_Stream5_IRQHandler                           build/startup_stm32f413xx.o
DMA2_Stream6_IRQHandler                           build/startup_stm32f413xx.o
DMA2_Stream7_IRQHandler                           build/startup_stm32f413xx.o
DebugMon_Handler                                  build/stm32f4xx_it.o
Default_Handler                                   build/startup_stm32f413xx.o
EXTI0_IRQHandler                                  build/startup_stm32f413xx.o
EXTI15_10_IRQHandler                              build/startup_stm32f413xx.o
EXTI1_IRQHandler                                  build/startup_stm32f413xx.o
EXTI2_IRQHandler                                  build/startup_stm32f413xx.o
EXTI3_IRQHandler                                  build/startup_stm32f413xx.o
EXTI4_IRQHandler                                  build/startup_stm32f413xx.o
EXTI9_5_IRQHandler                                build/startup_stm32f413xx.o
Error_Handler                                     build/main.o
                                                  build/usart.o
                                                  build/can.o
                                                  build/adc.o
FLASH_Erase_Sector                                build/stm32f4xx_hal_flash_ex.o
                                                  build/stm32f4xx_hal_flash.o
FLASH_FlushCaches                                 build/stm32f4xx_hal_flash_ex.o
                                                  build/stm32f4xx_hal_flash.o
FLASH_IRQHandler                                  build/startup_stm32f413xx.o
FLASH_WaitForLastOperation                        build/stm32f4xx_hal_flash.o
                                                  build/stm32f4xx_hal_flash_ex.o
FMPI2C1_ER_IRQHandler                             build/startup_stm32f413xx.o
FMPI2C1_EV_IRQHandler                             build/startup_stm32f413xx.o
FPU_IRQHandler                                    build/startup_stm32f413xx.o
FSMC_IRQHandler                                   build/startup_stm32f413xx.o
HAL_ADCEx_InjectedConfigChannel                   build/stm32f4xx_hal_adc_ex.o
HAL_ADCEx_InjectedConvCpltCallback                build/stm32f4xx_hal_adc_ex.o
                                                  build/stm32f4xx_hal_adc.o
HAL_ADCEx_InjectedGetValue                        build/stm32f4xx_hal_adc_ex.o
HAL_ADCEx_InjectedPollForConversion               build/stm32f4xx_hal_adc_ex.o
HAL_ADCEx_InjectedStart                           build/stm32f4xx_hal_adc_ex.o
HAL_ADCEx_InjectedStart_IT                        build/stm32f4xx_hal_adc_ex.o
HAL_ADCEx_InjectedStop                            build/stm32f4xx_hal_adc_ex.o
HAL_ADCEx_InjectedStop_IT                         build/stm32f4xx_hal_adc_ex.o
HAL_ADCEx_MultiModeConfigChannel                  build/stm32f4xx_hal_adc_ex.o
HAL_ADCEx_MultiModeGetValue                       build/stm32f4xx_hal_adc_ex.o
HAL_ADCEx_MultiModeStart_DMA                      build/stm32f4xx_hal_adc_ex.o
HAL_ADCEx_MultiModeStop_DMA                       build/stm32f4xx_hal_adc_ex.o
HAL_ADC_AnalogWDGConfig                           build/stm32f4xx_hal_adc.o
HAL_ADC_ConfigChannel                             build/stm32f4xx_hal_adc.o
                                                  build/adc.o
HAL_ADC_ConvCpltCallback                          build/stm32f4xx_hal_adc.o
                                                  build/stm32f4xx_hal_adc_ex.o
HAL_ADC_ConvHalfCpltCallback                      build/stm32f4xx_hal_adc.o
                                                  build/stm32f4xx_hal_adc_ex.o
HAL_ADC_DeInit                                    build/stm32f4xx_hal_adc.o
HAL_ADC_ErrorCallback                             build/stm32f4xx_hal_adc.o
                                                  build/stm32f4xx_hal_adc_ex.o
HAL_ADC_GetError                                  build/stm32f4xx_hal_adc.o
HAL_ADC_GetState                                  build/stm32f4xx_hal_adc.o
HAL_ADC_GetValue                                  build/stm32f4xx_hal_adc.o
HAL_ADC_IRQHandler                                build/stm32f4xx_hal_adc.o
HAL_ADC_Init                                      build/stm32f4xx_hal_adc.o
                                                  build/adc.o
HAL_ADC_LevelOutOfWindowCallback                  build/stm32f4xx_hal_adc.o
HAL_ADC_MspDeInit                                 build/adc.o
HAL_ADC_MspInit                                   build/adc.o
HAL_ADC_PollForConversion                         build/stm32f4xx_hal_adc.o
HAL_ADC_PollForEvent                              build/stm32f4xx_hal_adc.o
HAL_ADC_Start                                     build/stm32f4xx_hal_adc.o
HAL_ADC_Start_DMA                                 build/stm32f4xx_hal_adc.o
HAL_ADC_Start_IT                                  build/stm32f4xx_hal_adc.o
HAL_ADC_Stop                                      build/stm32f4xx_hal_adc.o
HAL_ADC_Stop_DMA                                  build/stm32f4xx_hal_adc.o
HAL_ADC_Stop_IT                                   build/stm32f4xx_hal_adc.o
HAL_CAN_AbortTxRequest                            build/stm32f4xx_hal_can.o
HAL_CAN_ActivateNotification                      build/stm32f4xx_hal_can.o
HAL_CAN_AddTxMessage                              build/stm32f4xx_hal_can.o
HAL_CAN_ConfigFilter                              build/stm32f4xx_hal_can.o
HAL_CAN_DeInit                                    build/stm32f4xx_hal_can.o
HAL_CAN_DeactivateNotification                    build/stm32f4xx_hal_can.o
HAL_CAN_ErrorCallback                             build/stm32f4xx_hal_can.o
HAL_CAN_GetError                                  build/stm32f4xx_hal_can.o
HAL_CAN_GetRxFifoFillLevel                        build/stm32f4xx_hal_can.o
HAL_CAN_GetRxMessage                              build/stm32f4xx_hal_can.o
HAL_CAN_GetState                                  build/stm32f4xx_hal_can.o
HAL_CAN_GetTxMailboxesFreeLevel                   build/stm32f4xx_hal_can.o
HAL_CAN_GetTxTimestamp                            build/stm32f4xx_hal_can.o
HAL_CAN_IRQHandler                                build/stm32f4xx_hal_can.o
HAL_CAN_Init                                      build/stm32f4xx_hal_can.o
                                                  build/can.o
HAL_CAN_IsSleepActive                             build/stm32f4xx_hal_can.o
HAL_CAN_IsTxMessagePending                        build/stm32f4xx_hal_can.o
HAL_CAN_MspDeInit                                 build/can.o
HAL_CAN_MspInit                                   build/can.o
HAL_CAN_RequestSleep                              build/stm32f4xx_hal_can.o
HAL_CAN_ResetError                                build/stm32f4xx_hal_can.o
HAL_CAN_RxFifo0FullCallback                       build/stm32f4xx_hal_can.o
HAL_CAN_RxFifo0MsgPendingCallback                 build/stm32f4xx_hal_can.o
HAL_CAN_RxFifo1FullCallback                       build/stm32f4xx_hal_can.o
HAL_CAN_RxFifo1MsgPendingCallback                 build/stm32f4xx_hal_can.o
HAL_CAN_SleepCallback                             build/stm32f4xx_hal_can.o
HAL_CAN_Start                                     build/stm32f4xx_hal_can.o
HAL_CAN_Stop                                      build/stm32f4xx_hal_can.o
HAL_CAN_TxMailbox0AbortCallback                   build/stm32f4xx_hal_can.o
HAL_CAN_TxMailbox0CompleteCallback                build/stm32f4xx_hal_can.o
HAL_CAN_TxMailbox1AbortCallback                   build/stm32f4xx_hal_can.o
HAL_CAN_TxMailbox1CompleteCallback                build/stm32f4xx_hal_can.o
HAL_CAN_TxMailbox2AbortCallback                   build/stm32f4xx_hal_can.o
HAL_CAN_TxMailbox2CompleteCallback                build/stm32f4xx_hal_can.o
HAL_CAN_WakeUp                                    build/stm32f4xx_hal_can.o
HAL_CAN_WakeUpFromRxMsgCallback                   build/stm32f4xx_hal_can.o
HAL_DBGMCU_DisableDBGSleepMode                    build/stm32f4xx_hal.o
HAL_DBGMCU_DisableDBGStandbyMode                  build/stm32f4xx_hal.o
HAL_DBGMCU_DisableDBGStopMode                     build/stm32f4xx_hal.o
HAL_DBGMCU_EnableDBGSleepMode                     build/stm32f4xx_hal.o
HAL_DBGMCU_EnableDBGStandbyMode                   build/stm32f4xx_hal.o
HAL_DBGMCU_EnableDBGStopMode                      build/stm32f4xx_hal.o
HAL_DMAEx_ChangeMemory                            build/stm32f4xx_hal_dma_ex.o
HAL_DMAEx_MultiBufferStart                        build/stm32f4xx_hal_dma_ex.o
HAL_DMAEx_MultiBufferStart_IT                     build/stm32f4xx_hal_dma_ex.o
HAL_DMA_Abort                                     build/stm32f4xx_hal_dma.o
                                                  build/stm32f4xx_hal_uart.o
                                                  build/stm32f4xx_hal_adc_ex.o
                                                  build/stm32f4xx_hal_adc.o
HAL_DMA_Abort_IT                                  build/stm32f4xx_hal_dma.o
                                                  build/stm32f4xx_hal_uart.o
HAL_DMA_DeInit                                    build/stm32f4xx_hal_dma.o
                                                  build/adc.o
HAL_DMA_GetError                                  build/stm32f4xx_hal_dma.o
                                                  build/stm32f4xx_hal_uart.o
HAL_DMA_GetState                                  build/stm32f4xx_hal_dma.o
HAL_DMA_IRQHandler                                build/stm32f4xx_hal_dma.o
                                                  build/stm32f4xx_it.o
HAL_DMA_Init                                      build/stm32f4xx_hal_dma.o
                                                  build/adc.o
HAL_DMA_PollForTransfer                           build/stm32f4xx_hal_dma.o
HAL_DMA_RegisterCallback                          build/stm32f4xx_hal_dma.o
HAL_DMA_Start                                     build/stm32f4xx_hal_dma.o
HAL_DMA_Start_IT                                  build/stm32f4xx_hal_dma.o
                                                  build/stm32f4xx_hal_uart.o
                                                  build/stm32f4xx_hal_adc_ex.o
                                                  build/stm32f4xx_hal_adc.o
HAL_DMA_UnRegisterCallback                        build/stm32f4xx_hal_dma.o
HAL_DeInit                                        build/stm32f4xx_hal.o
HAL_Delay                                         build/stm32f4xx_hal.o
HAL_DisableCompensationCell                       build/stm32f4xx_hal.o
HAL_EXTI_ClearConfigLine                          build/stm32f4xx_hal_exti.o
HAL_EXTI_ClearPending                             build/stm32f4xx_hal_exti.o
HAL_EXTI_GenerateSWI                              build/stm32f4xx_hal_exti.o
HAL_EXTI_GetConfigLine                            build/stm32f4xx_hal_exti.o
HAL_EXTI_GetHandle                                build/stm32f4xx_hal_exti.o
HAL_EXTI_GetPending                               build/stm32f4xx_hal_exti.o
HAL_EXTI_IRQHandler                               build/stm32f4xx_hal_exti.o
HAL_EXTI_RegisterCallback                         build/stm32f4xx_hal_exti.o
HAL_EXTI_SetConfigLine                            build/stm32f4xx_hal_exti.o
HAL_EnableCompensationCell                        build/stm32f4xx_hal.o
HAL_FLASHEx_AdvOBGetConfig                        build/stm32f4xx_hal_flash_ex.o
HAL_FLASHEx_AdvOBProgram                          build/stm32f4xx_hal_flash_ex.o
HAL_FLASHEx_Erase                                 build/stm32f4xx_hal_flash_ex.o
HAL_FLASHEx_Erase_IT                              build/stm32f4xx_hal_flash_ex.o
HAL_FLASHEx_OBGetConfig                           build/stm32f4xx_hal_flash_ex.o
HAL_FLASHEx_OBProgram                             build/stm32f4xx_hal_flash_ex.o
HAL_FLASHEx_OB_DeSelectPCROP                      build/stm32f4xx_hal_flash_ex.o
HAL_FLASHEx_OB_SelectPCROP                        build/stm32f4xx_hal_flash_ex.o
HAL_FLASH_EndOfOperationCallback                  build/stm32f4xx_hal_flash.o
HAL_FLASH_GetError                                build/stm32f4xx_hal_flash.o
HAL_FLASH_IRQHandler                              build/stm32f4xx_hal_flash.o
HAL_FLASH_Lock                                    build/stm32f4xx_hal_flash.o
HAL_FLASH_OB_Launch                               build/stm32f4xx_hal_flash.o
HAL_FLASH_OB_Lock                                 build/stm32f4xx_hal_flash.o
HAL_FLASH_OB_Unlock                               build/stm32f4xx_hal_flash.o
HAL_FLASH_OperationErrorCallback                  build/stm32f4xx_hal_flash.o
HAL_FLASH_Program                                 build/stm32f4xx_hal_flash.o
HAL_FLASH_Program_IT                              build/stm32f4xx_hal_flash.o
HAL_FLASH_Unlock                                  build/stm32f4xx_hal_flash.o
HAL_GPIO_DeInit                                   build/stm32f4xx_hal_gpio.o
                                                  build/usart.o
                                                  build/can.o
                                                  build/adc.o
HAL_GPIO_EXTI_Callback                            build/stm32f4xx_hal_gpio.o
HAL_GPIO_EXTI_IRQHandler                          build/stm32f4xx_hal_gpio.o
HAL_GPIO_Init                                     build/stm32f4xx_hal_gpio.o
                                                  build/stm32f4xx_hal_rcc.o
                                                  build/usart.o
                                                  build/can.o
                                                  build/adc.o
                                                  build/gpio.o
HAL_GPIO_LockPin                                  build/stm32f4xx_hal_gpio.o
HAL_GPIO_ReadPin                                  build/stm32f4xx_hal_gpio.o
HAL_GPIO_TogglePin                                build/stm32f4xx_hal_gpio.o
HAL_GPIO_WritePin                                 build/stm32f4xx_hal_gpio.o
                                                  build/gpio.o
HAL_GetDEVID                                      build/stm32f4xx_hal.o
HAL_GetHalVersion                                 build/stm32f4xx_hal.o
HAL_GetREVID                                      build/stm32f4xx_hal.o
HAL_GetTick                                       build/stm32f4xx_hal.o
                                                  build/stm32f4xx_hal_uart.o
                                                  build/stm32f4xx_hal_can.o
                                                  build/stm32f4xx_hal_pwr_ex.o
                                                  build/stm32f4xx_hal_dma.o
                                                  build/stm32f4xx_hal_flash.o
                                                  build/stm32f4xx_hal_rcc_ex.o
                                                  build/stm32f4xx_hal_rcc.o
                                                  build/stm32f4xx_hal_adc_ex.o
                                                  build/stm32f4xx_hal_adc.o
HAL_GetTickFreq                                   build/stm32f4xx_hal.o
HAL_GetTickPrio                                   build/stm32f4xx_hal.o
HAL_GetUIDw0                                      build/stm32f4xx_hal.o
HAL_GetUIDw1                                      build/stm32f4xx_hal.o
HAL_GetUIDw2                                      build/stm32f4xx_hal.o
HAL_HalfDuplex_EnableReceiver                     build/stm32f4xx_hal_uart.o
HAL_HalfDuplex_EnableTransmitter                  build/stm32f4xx_hal_uart.o
HAL_HalfDuplex_Init                               build/stm32f4xx_hal_uart.o
HAL_IncTick                                       build/stm32f4xx_hal.o
                                                  build/stm32f4xx_it.o
HAL_Init                                          build/stm32f4xx_hal.o
                                                  build/main.o
HAL_InitTick                                      build/stm32f4xx_hal.o
                                                  build/stm32f4xx_hal_rcc_ex.o
                                                  build/stm32f4xx_hal_rcc.o
HAL_LIN_Init                                      build/stm32f4xx_hal_uart.o
HAL_LIN_SendBreak                                 build/stm32f4xx_hal_uart.o
HAL_MPU_ConfigRegion                              build/stm32f4xx_hal_cortex.o
HAL_MPU_Disable                                   build/stm32f4xx_hal_cortex.o
HAL_MPU_Enable                                    build/stm32f4xx_hal_cortex.o
HAL_MspDeInit                                     build/stm32f4xx_hal.o
HAL_MspInit                                       build/stm32f4xx_hal_msp.o
HAL_MultiProcessor_EnterMuteMode                  build/stm32f4xx_hal_uart.o
HAL_MultiProcessor_ExitMuteMode                   build/stm32f4xx_hal_uart.o
HAL_MultiProcessor_Init                           build/stm32f4xx_hal_uart.o
HAL_NVIC_ClearPendingIRQ                          build/stm32f4xx_hal_cortex.o
HAL_NVIC_DisableIRQ                               build/stm32f4xx_hal_cortex.o
HAL_NVIC_EnableIRQ                                build/stm32f4xx_hal_cortex.o
                                                  build/dma.o
HAL_NVIC_GetActive                                build/stm32f4xx_hal_cortex.o
HAL_NVIC_GetPendingIRQ                            build/stm32f4xx_hal_cortex.o
HAL_NVIC_GetPriority                              build/stm32f4xx_hal_cortex.o
HAL_NVIC_GetPriorityGrouping                      build/stm32f4xx_hal_cortex.o
HAL_NVIC_SetPendingIRQ                            build/stm32f4xx_hal_cortex.o
HAL_NVIC_SetPriority                              build/stm32f4xx_hal_cortex.o
                                                  build/stm32f4xx_hal.o
                                                  build/dma.o
HAL_NVIC_SetPriorityGrouping                      build/stm32f4xx_hal_cortex.o
                                                  build/stm32f4xx_hal.o
HAL_NVIC_SystemReset                              build/stm32f4xx_hal_cortex.o
HAL_PWREx_ControlVoltageScaling                   build/stm32f4xx_hal_pwr_ex.o
HAL_PWREx_DisableBkUpReg                          build/stm32f4xx_hal_pwr_ex.o
HAL_PWREx_DisableFlashPowerDown                   build/stm32f4xx_hal_pwr_ex.o
HAL_PWREx_DisableLowRegulatorLowVoltage           build/stm32f4xx_hal_pwr_ex.o
HAL_PWREx_DisableMainRegulatorLowVoltage          build/stm32f4xx_hal_pwr_ex.o
HAL_PWREx_EnableBkUpReg                           build/stm32f4xx_hal_pwr_ex.o
HAL_PWREx_EnableFlashPowerDown                    build/stm32f4xx_hal_pwr_ex.o
HAL_PWREx_EnableLowRegulatorLowVoltage            build/stm32f4xx_hal_pwr_ex.o
HAL_PWREx_EnableMainRegulatorLowVoltage           build/stm32f4xx_hal_pwr_ex.o
HAL_PWREx_GetVoltageRange                         build/stm32f4xx_hal_pwr_ex.o
HAL_PWR_ConfigPVD                                 build/stm32f4xx_hal_pwr.o
HAL_PWR_DeInit                                    build/stm32f4xx_hal_pwr.o
HAL_PWR_DisableBkUpAccess                         build/stm32f4xx_hal_pwr.o
HAL_PWR_DisablePVD                                build/stm32f4xx_hal_pwr.o
HAL_PWR_DisableSEVOnPend                          build/stm32f4xx_hal_pwr.o
HAL_PWR_DisableSleepOnExit                        build/stm32f4xx_hal_pwr.o
HAL_PWR_DisableWakeUpPin                          build/stm32f4xx_hal_pwr.o
HAL_PWR_EnableBkUpAccess                          build/stm32f4xx_hal_pwr.o
HAL_PWR_EnablePVD                                 build/stm32f4xx_hal_pwr.o
HAL_PWR_EnableSEVOnPend                           build/stm32f4xx_hal_pwr.o
HAL_PWR_EnableSleepOnExit                         build/stm32f4xx_hal_pwr.o
HAL_PWR_EnableWakeUpPin                           build/stm32f4xx_hal_pwr.o
HAL_PWR_EnterSLEEPMode                            build/stm32f4xx_hal_pwr.o
HAL_PWR_EnterSTANDBYMode                          build/stm32f4xx_hal_pwr.o
HAL_PWR_EnterSTOPMode                             build/stm32f4xx_hal_pwr.o
HAL_PWR_PVDCallback                               build/stm32f4xx_hal_pwr.o
HAL_PWR_PVD_IRQHandler                            build/stm32f4xx_hal_pwr.o
HAL_RCCEx_DisablePLLI2S                           build/stm32f4xx_hal_rcc_ex.o
HAL_RCCEx_EnablePLLI2S                            build/stm32f4xx_hal_rcc_ex.o
HAL_RCCEx_GetPeriphCLKConfig                      build/stm32f4xx_hal_rcc_ex.o
HAL_RCCEx_GetPeriphCLKFreq                        build/stm32f4xx_hal_rcc_ex.o
HAL_RCCEx_PeriphCLKConfig                         build/stm32f4xx_hal_rcc_ex.o
HAL_RCCEx_SelectLSEMode                           build/stm32f4xx_hal_rcc_ex.o
HAL_RCC_CSSCallback                               build/stm32f4xx_hal_rcc.o
HAL_RCC_ClockConfig                               build/stm32f4xx_hal_rcc.o
                                                  build/main.o
HAL_RCC_DeInit                                    build/stm32f4xx_hal_rcc_ex.o
                                                  build/stm32f4xx_hal_rcc.o
HAL_RCC_DisableCSS                                build/stm32f4xx_hal_rcc.o
HAL_RCC_EnableCSS                                 build/stm32f4xx_hal_rcc.o
HAL_RCC_GetClockConfig                            build/stm32f4xx_hal_rcc.o
HAL_RCC_GetHCLKFreq                               build/stm32f4xx_hal_rcc.o
HAL_RCC_GetOscConfig                              build/stm32f4xx_hal_rcc_ex.o
                                                  build/stm32f4xx_hal_rcc.o
HAL_RCC_GetPCLK1Freq                              build/stm32f4xx_hal_rcc.o
                                                  build/stm32f4xx_hal_uart.o
HAL_RCC_GetPCLK2Freq                              build/stm32f4xx_hal_rcc.o
                                                  build/stm32f4xx_hal_uart.o
HAL_RCC_GetSysClockFreq                           build/stm32f4xx_hal_rcc.o
HAL_RCC_MCOConfig                                 build/stm32f4xx_hal_rcc.o
HAL_RCC_NMI_IRQHandler                            build/stm32f4xx_hal_rcc.o
HAL_RCC_OscConfig                                 build/stm32f4xx_hal_rcc_ex.o
                                                  build/stm32f4xx_hal_rcc.o
                                                  build/main.o
HAL_ResumeTick                                    build/stm32f4xx_hal.o
HAL_SYSTICK_CLKSourceConfig                       build/stm32f4xx_hal_cortex.o
HAL_SYSTICK_Callback                              build/stm32f4xx_hal_cortex.o
HAL_SYSTICK_Config                                build/stm32f4xx_hal_cortex.o
                                                  build/stm32f4xx_hal.o
HAL_SYSTICK_IRQHandler                            build/stm32f4xx_hal_cortex.o
HAL_SetTickFreq                                   build/stm32f4xx_hal.o
HAL_SuspendTick                                   build/stm32f4xx_hal.o
HAL_UARTEx_ReceiveToIdle                          build/stm32f4xx_hal_uart.o
HAL_UARTEx_ReceiveToIdle_DMA                      build/stm32f4xx_hal_uart.o
HAL_UARTEx_ReceiveToIdle_IT                       build/stm32f4xx_hal_uart.o
HAL_UARTEx_RxEventCallback                        build/stm32f4xx_hal_uart.o
HAL_UART_Abort                                    build/stm32f4xx_hal_uart.o
HAL_UART_AbortCpltCallback                        build/stm32f4xx_hal_uart.o
HAL_UART_AbortReceive                             build/stm32f4xx_hal_uart.o
HAL_UART_AbortReceiveCpltCallback                 build/stm32f4xx_hal_uart.o
HAL_UART_AbortReceive_IT                          build/stm32f4xx_hal_uart.o
HAL_UART_AbortTransmit                            build/stm32f4xx_hal_uart.o
HAL_UART_AbortTransmitCpltCallback                build/stm32f4xx_hal_uart.o
HAL_UART_AbortTransmit_IT                         build/stm32f4xx_hal_uart.o
HAL_UART_Abort_IT                                 build/stm32f4xx_hal_uart.o
HAL_UART_DMAPause                                 build/stm32f4xx_hal_uart.o
HAL_UART_DMAResume                                build/stm32f4xx_hal_uart.o
HAL_UART_DMAStop                                  build/stm32f4xx_hal_uart.o
HAL_UART_DeInit                                   build/stm32f4xx_hal_uart.o
HAL_UART_ErrorCallback                            build/stm32f4xx_hal_uart.o
HAL_UART_GetError                                 build/stm32f4xx_hal_uart.o
HAL_UART_GetState                                 build/stm32f4xx_hal_uart.o
HAL_UART_IRQHandler                               build/stm32f4xx_hal_uart.o
HAL_UART_Init                                     build/stm32f4xx_hal_uart.o
                                                  build/usart.o
HAL_UART_MspDeInit                                build/usart.o
HAL_UART_MspInit                                  build/usart.o
HAL_UART_Receive                                  build/stm32f4xx_hal_uart.o
HAL_UART_Receive_DMA                              build/stm32f4xx_hal_uart.o
HAL_UART_Receive_IT                               build/stm32f4xx_hal_uart.o
HAL_UART_RxCpltCallback                           build/stm32f4xx_hal_uart.o
HAL_UART_RxHalfCpltCallback                       build/stm32f4xx_hal_uart.o
HAL_UART_Transmit                                 build/stm32f4xx_hal_uart.o
                                                  build/main.o
HAL_UART_Transmit_DMA                             build/stm32f4xx_hal_uart.o
HAL_UART_Transmit_IT                              build/stm32f4xx_hal_uart.o
HAL_UART_TxCpltCallback                           build/stm32f4xx_hal_uart.o
HAL_UART_TxHalfCpltCallback                       build/stm32f4xx_hal_uart.o
HardFault_Handler                                 build/stm32f4xx_it.o
I2C1_ER_IRQHandler                                build/startup_stm32f413xx.o
I2C1_EV_IRQHandler                                build/startup_stm32f413xx.o
I2C2_ER_IRQHandler                                build/startup_stm32f413xx.o
I2C2_EV_IRQHandler                                build/startup_stm32f413xx.o
I2C3_ER_IRQHandler                                build/startup_stm32f413xx.o
I2C3_EV_IRQHandler                                build/startup_stm32f413xx.o
LPTIM1_IRQHandler                                 build/startup_stm32f413xx.o
MX_ADC1_Init                                      build/adc.o
MX_CAN1_Init                                      build/can.o
MX_CAN3_Init                                      build/can.o
MX_DMA_Init                                       build/dma.o
MX_GPIO_Init                                      build/gpio.o
                                                  build/main.o
MX_USART2_UART_Init                               build/usart.o
                                                  build/main.o
MX_USART3_UART_Init                               build/usart.o
MemManage_Handler                                 build/stm32f4xx_it.o
NMI_Handler                                       build/stm32f4xx_it.o
OTG_FS_IRQHandler                                 build/startup_stm32f413xx.o
OTG_FS_WKUP_IRQHandler                            build/startup_stm32f413xx.o
PVD_IRQHandler                                    build/startup_stm32f413xx.o
PendSV_Handler                                    build/stm32f4xx_it.o
QUADSPI_IRQHandler                                build/startup_stm32f413xx.o
RCC_IRQHandler                                    build/startup_stm32f413xx.o
RNG_IRQHandler                                    build/startup_stm32f413xx.o
RTC_Alarm_IRQHandler                              build/startup_stm32f413xx.o
RTC_WKUP_IRQHandler                               build/startup_stm32f413xx.o
Reset_Handler                                     build/startup_stm32f413xx.o
SAI1_IRQHandler                                   build/startup_stm32f413xx.o
SDIO_IRQHandler                                   build/startup_stm32f413xx.o
SPI1_IRQHandler                                   build/startup_stm32f413xx.o
SPI2_IRQHandler                                   build/startup_stm32f413xx.o
SPI3_IRQHandler                                   build/startup_stm32f413xx.o
SPI4_IRQHandler                                   build/startup_stm32f413xx.o
SPI5_IRQHandler                                   build/startup_stm32f413xx.o
SVC_Handler                                       build/stm32f4xx_it.o
SysTick_Handler                                   build/stm32f4xx_it.o
SystemClock_Config                                build/main.o
SystemCoreClock                                   build/system_stm32f4xx.o
                                                  build/stm32f4xx_hal.o
                                                  build/stm32f4xx_hal_dma.o
                                                  build/stm32f4xx_hal_rcc_ex.o
                                                  build/stm32f4xx_hal_rcc.o
                                                  build/stm32f4xx_hal_adc_ex.o
                                                  build/stm32f4xx_hal_adc.o
SystemCoreClockUpdate                             build/system_stm32f4xx.o
SystemInit                                        build/system_stm32f4xx.o
                                                  build/startup_stm32f413xx.o
TAMP_STAMP_IRQHandler                             build/startup_stm32f413xx.o
TIM1_BRK_TIM9_IRQHandler                          build/startup_stm32f413xx.o
TIM1_CC_IRQHandler                                build/startup_stm32f413xx.o
TIM1_TRG_COM_TIM11_IRQHandler                     build/startup_stm32f413xx.o
TIM1_UP_TIM10_IRQHandler                          build/startup_stm32f413xx.o
TIM2_IRQHandler                                   build/startup_stm32f413xx.o
TIM3_IRQHandler                                   build/startup_stm32f413xx.o
TIM4_IRQHandler                                   build/startup_stm32f413xx.o
TIM5_IRQHandler                                   build/startup_stm32f413xx.o
TIM6_DAC_IRQHandler                               build/startup_stm32f413xx.o
TIM7_IRQHandler                                   build/startup_stm32f413xx.o
TIM8_BRK_TIM12_IRQHandler                         build/startup_stm32f413xx.o
TIM8_CC_IRQHandler                                build/startup_stm32f413xx.o
TIM8_TRG_COM_TIM14_IRQHandler                     build/startup_stm32f413xx.o
TIM8_UP_TIM13_IRQHandler                          build/startup_stm32f413xx.o
UART10_IRQHandler                                 build/startup_stm32f413xx.o
UART4_IRQHandler                                  build/startup_stm32f413xx.o
UART5_IRQHandler                                  build/startup_stm32f413xx.o
UART7_IRQHandler                                  build/startup_stm32f413xx.o
UART8_IRQHandler                                  build/startup_stm32f413xx.o
UART9_IRQHandler                                  build/startup_stm32f413xx.o
UART_Start_Receive_DMA                            build/stm32f4xx_hal_uart.o
UART_Start_Receive_IT                             build/stm32f4xx_hal_uart.o
USART1_IRQHandler                                 build/startup_stm32f413xx.o
USART2_IRQHandler                                 build/startup_stm32f413xx.o
USART3_IRQHandler                                 build/startup_stm32f413xx.o
USART6_IRQHandler                                 build/startup_stm32f413xx.o
UsageFault_Handler                                build/stm32f4xx_it.o
WWDG_IRQHandler                                   build/startup_stm32f413xx.o
_ITM_deregisterTMCloneTable                       /usr/share/arm-gnu-toolchain-11.3.rel1-x86_64-arm-none-eabi/bin/../lib/gcc/arm-none-eabi/11.3.1/thumb/v7e-m+fp/hard/crtbegin.o
_ITM_registerTMCloneTable                         /usr/share/arm-gnu-toolchain-11.3.rel1-x86_64-arm-none-eabi/bin/../lib/gcc/arm-none-eabi/11.3.1/thumb/v7e-m+fp/hard/crtbegin.o
__TMC_END__                                       /usr/share/arm-gnu-toolchain-11.3.rel1-x86_64-arm-none-eabi/bin/../lib/gcc/arm-none-eabi/11.3.1/thumb/v7e-m+fp/hard/crtend.o
                                                  /usr/share/arm-gnu-toolchain-11.3.rel1-x86_64-arm-none-eabi/bin/../lib/gcc/arm-none-eabi/11.3.1/thumb/v7e-m+fp/hard/crtbegin.o
__aeabi_idiv0                                     /usr/share/arm-gnu-toolchain-11.3.rel1-x86_64-arm-none-eabi/bin/../lib/gcc/arm-none-eabi/11.3.1/thumb/v7e-m+fp/hard/libgcc.a(_dvmd_tls.o)
__aeabi_ldiv0                                     /usr/share/arm-gnu-toolchain-11.3.rel1-x86_64-arm-none-eabi/bin/../lib/gcc/arm-none-eabi/11.3.1/thumb/v7e-m+fp/hard/libgcc.a(_dvmd_tls.o)
                                                  /usr/share/arm-gnu-toolchain-11.3.rel1-x86_64-arm-none-eabi/bin/../lib/gcc/arm-none-eabi/11.3.1/thumb/v7e-m+fp/hard/libgcc.a(_aeabi_uldivmod.o)
__aeabi_uldivmod                                  /usr/share/arm-gnu-toolchain-11.3.rel1-x86_64-arm-none-eabi/bin/../lib/gcc/arm-none-eabi/11.3.1/thumb/v7e-m+fp/hard/libgcc.a(_aeabi_uldivmod.o)
                                                  build/stm32f4xx_hal_uart.o
                                                  build/stm32f4xx_hal_rcc.o
__bss_end__                                       /usr/share/arm-gnu-toolchain-11.3.rel1-x86_64-arm-none-eabi/bin/../lib/gcc/arm-none-eabi/11.3.1/../../../../arm-none-eabi/lib/thumb/v7e-m+fp/hard/crt0.o
__bss_start__                                     /usr/share/arm-gnu-toolchain-11.3.rel1-x86_64-arm-none-eabi/bin/../lib/gcc/arm-none-eabi/11.3.1/../../../../arm-none-eabi/lib/thumb/v7e-m+fp/hard/crt0.o
__call_exitprocs                                  /usr/share/arm-gnu-toolchain-11.3.rel1-x86_64-arm-none-eabi/bin/../lib/gcc/arm-none-eabi/11.3.1/../../../../arm-none-eabi/lib/thumb/v7e-m+fp/hard/libc_nano.a(libc_a-exit.o)
__deregister_frame_info                           /usr/share/arm-gnu-toolchain-11.3.rel1-x86_64-arm-none-eabi/bin/../lib/gcc/arm-none-eabi/11.3.1/thumb/v7e-m+fp/hard/crtbegin.o
__dso_handle                                      /usr/share/arm-gnu-toolchain-11.3.rel1-x86_64-arm-none-eabi/bin/../lib/gcc/arm-none-eabi/11.3.1/thumb/v7e-m+fp/hard/crtbegin.o
__fp_lock_all                                     /usr/share/arm-gnu-toolchain-11.3.rel1-x86_64-arm-none-eabi/bin/../lib/gcc/arm-none-eabi/11.3.1/../../../../arm-none-eabi/lib/thumb/v7e-m+fp/hard/libc_nano.a(libc_a-findfp.o)
__fp_unlock_all                                   /usr/share/arm-gnu-toolchain-11.3.rel1-x86_64-arm-none-eabi/bin/../lib/gcc/arm-none-eabi/11.3.1/../../../../arm-none-eabi/lib/thumb/v7e-m+fp/hard/libc_nano.a(libc_a-findfp.o)
__init_array_end                                  /usr/share/arm-gnu-toolchain-11.3.rel1-x86_64-arm-none-eabi/bin/../lib/gcc/arm-none-eabi/11.3.1/../../../../arm-none-eabi/lib/thumb/v7e-m+fp/hard/libc_nano.a(libc_a-init.o)
__init_array_start                                /usr/share/arm-gnu-toolchain-11.3.rel1-x86_64-arm-none-eabi/bin/../lib/gcc/arm-none-eabi/11.3.1/../../../../arm-none-eabi/lib/thumb/v7e-m+fp/hard/libc_nano.a(libc_a-init.o)
__libc_fini_array                                 /usr/share/arm-gnu-toolchain-11.3.rel1-x86_64-arm-none-eabi/bin/../lib/gcc/arm-none-eabi/11.3.1/../../../../arm-none-eabi/lib/thumb/v7e-m+fp/hard/crt0.o
__libc_init_array                                 /usr/share/arm-gnu-toolchain-11.3.rel1-x86_64-arm-none-eabi/bin/../lib/gcc/arm-none-eabi/11.3.1/../../../../arm-none-eabi/lib/thumb/v7e-m+fp/hard/libc_nano.a(libc_a-init.o)
                                                  build/startup_stm32f413xx.o
                                                  /usr/share/arm-gnu-toolchain-11.3.rel1-x86_64-arm-none-eabi/bin/../lib/gcc/arm-none-eabi/11.3.1/../../../../arm-none-eabi/lib/thumb/v7e-m+fp/hard/crt0.o
__lock___arc4random_mutex                         /usr/share/arm-gnu-toolchain-11.3.rel1-x86_64-arm-none-eabi/bin/../lib/gcc/arm-none-eabi/11.3.1/../../../../arm-none-eabi/lib/thumb/v7e-m+fp/hard/libc_nano.a(libc_a-lock.o)
__lock___at_quick_exit_mutex                      /usr/share/arm-gnu-toolchain-11.3.rel1-x86_64-arm-none-eabi/bin/../lib/gcc/arm-none-eabi/11.3.1/../../../../arm-none-eabi/lib/thumb/v7e-m+fp/hard/libc_nano.a(libc_a-lock.o)
__lock___atexit_recursive_mutex                   /usr/share/arm-gnu-toolchain-11.3.rel1-x86_64-arm-none-eabi/bin/../lib/gcc/arm-none-eabi/11.3.1/../../../../arm-none-eabi/lib/thumb/v7e-m+fp/hard/libc_nano.a(libc_a-lock.o)
__lock___dd_hash_mutex                            /usr/share/arm-gnu-toolchain-11.3.rel1-x86_64-arm-none-eabi/bin/../lib/gcc/arm-none-eabi/11.3.1/../../../../arm-none-eabi/lib/thumb/v7e-m+fp/hard/libc_nano.a(libc_a-lock.o)
__lock___env_recursive_mutex                      /usr/share/arm-gnu-toolchain-11.3.rel1-x86_64-arm-none-eabi/bin/../lib/gcc/arm-none-eabi/11.3.1/../../../../arm-none-eabi/lib/thumb/v7e-m+fp/hard/libc_nano.a(libc_a-lock.o)
__lock___malloc_recursive_mutex                   /usr/share/arm-gnu-toolchain-11.3.rel1-x86_64-arm-none-eabi/bin/../lib/gcc/arm-none-eabi/11.3.1/../../../../arm-none-eabi/lib/thumb/v7e-m+fp/hard/libc_nano.a(libc_a-lock.o)
                                                  /usr/share/arm-gnu-toolchain-11.3.rel1-x86_64-arm-none-eabi/bin/../lib/gcc/arm-none-eabi/11.3.1/../../../../arm-none-eabi/lib/thumb/v7e-m+fp/hard/libc_nano.a(libc_a-mlock.o)
__lock___sfp_recursive_mutex                      /usr/share/arm-gnu-toolchain-11.3.rel1-x86_64-arm-none-eabi/bin/../lib/gcc/arm-none-eabi/11.3.1/../../../../arm-none-eabi/lib/thumb/v7e-m+fp/hard/libc_nano.a(libc_a-lock.o)
                                                  /usr/share/arm-gnu-toolchain-11.3.rel1-x86_64-arm-none-eabi/bin/../lib/gcc/arm-none-eabi/11.3.1/../../../../arm-none-eabi/lib/thumb/v7e-m+fp/hard/libc_nano.a(libc_a-findfp.o)
__lock___tz_mutex                                 /usr/share/arm-gnu-toolchain-11.3.rel1-x86_64-arm-none-eabi/bin/../lib/gcc/arm-none-eabi/11.3.1/../../../../arm-none-eabi/lib/thumb/v7e-m+fp/hard/libc_nano.a(libc_a-lock.o)
__malloc_free_list                                /usr/share/arm-gnu-toolchain-11.3.rel1-x86_64-arm-none-eabi/bin/../lib/gcc/arm-none-eabi/11.3.1/../../../../arm-none-eabi/lib/thumb/v7e-m+fp/hard/libc_nano.a(libc_a-mallocr.o)
                                                  /usr/share/arm-gnu-toolchain-11.3.rel1-x86_64-arm-none-eabi/bin/../lib/gcc/arm-none-eabi/11.3.1/../../../../arm-none-eabi/lib/thumb/v7e-m+fp/hard/libc_nano.a(libc_a-freer.o)
__malloc_lock                                     /usr/share/arm-gnu-toolchain-11.3.rel1-x86_64-arm-none-eabi/bin/../lib/gcc/arm-none-eabi/11.3.1/../../../../arm-none-eabi/lib/thumb/v7e-m+fp/hard/libc_nano.a(libc_a-mlock.o)
                                                  /usr/share/arm-gnu-toolchain-11.3.rel1-x86_64-arm-none-eabi/bin/../lib/gcc/arm-none-eabi/11.3.1/../../../../arm-none-eabi/lib/thumb/v7e-m+fp/hard/libc_nano.a(libc_a-freer.o)
                                                  /usr/share/arm-gnu-toolchain-11.3.rel1-x86_64-arm-none-eabi/bin/../lib/gcc/arm-none-eabi/11.3.1/../../../../arm-none-eabi/lib/thumb/v7e-m+fp/hard/libc_nano.a(libc_a-mallocr.o)
__malloc_sbrk_start                               /usr/share/arm-gnu-toolchain-11.3.rel1-x86_64-arm-none-eabi/bin/../lib/gcc/arm-none-eabi/11.3.1/../../../../arm-none-eabi/lib/thumb/v7e-m+fp/hard/libc_nano.a(libc_a-mallocr.o)
__malloc_unlock                                   /usr/share/arm-gnu-toolchain-11.3.rel1-x86_64-arm-none-eabi/bin/../lib/gcc/arm-none-eabi/11.3.1/../../../../arm-none-eabi/lib/thumb/v7e-m+fp/hard/libc_nano.a(libc_a-mlock.o)
                                                  /usr/share/arm-gnu-toolchain-11.3.rel1-x86_64-arm-none-eabi/bin/../lib/gcc/arm-none-eabi/11.3.1/../../../../arm-none-eabi/lib/thumb/v7e-m+fp/hard/libc_nano.a(libc_a-freer.o)
                                                  /usr/share/arm-gnu-toolchain-11.3.rel1-x86_64-arm-none-eabi/bin/../lib/gcc/arm-none-eabi/11.3.1/../../../../arm-none-eabi/lib/thumb/v7e-m+fp/hard/libc_nano.a(libc_a-mallocr.o)